Formatting '/home/nivek/Workspace/qcow2-snapshots/expes/disk/chain-100-r/snapshot-1', fmt=qcow2 size=53687091200 backing_file=/home/nivek/Workspace/qcow2-snapshots/expes/disk/ub-18.04_50G.qcow2 backing_fmt=qcow2 cluster_size=65536 lazy_refcounts=off refcount_bits=16
spawn ../qemu-hack-direct-access/build/x86_64-softmmu/qemu-system-x86_64 -smp 4 -nographic --accel kvm -m 4G -drive file=/home/nivek/Workspace/qcow2-snapshots/expes/disk/chain-100-r/snapshot-1,format=qcow2
c[?7l[2J[0mSeaBIOS (version rel-1.12.0-59-gc9ba5276e321-prebuilt.qemu.org)


iPXE (http://ipxe.org) 00:03.0 CA00 PCI2.10 PnP PMM+BFF908B0+BFEF08B0 CA00
Press Ctrl-B to configure iPXE (PCI 00:03.0)...                                                                               


Booting from Hard Disk...
[H[J[1;1H[    0.000000] Linux version 4.15.0-20-generic (buildd@lgw01-amd64-039) (gcc version 7.3.0 (Ubuntu 7.3.0-16ubuntu3)) #21-Ubuntu SMP Tue Apr 24 06:16:15 UTC 2018 (Ubuntu 4.15.0-20.21-generic 4.15.17)
[    0.000000] Command line: BOOT_IMAGE=/boot/vmlinuz-4.15.0-20-generic root=UUID=8a5c65a8-9852-4c2a-9789-627cb736abe5 ro console=ttyS0
[    0.000000] KERNEL supported cpus:
[    0.000000]   Intel GenuineIntel
[    0.000000]   AMD AuthenticAMD
[    0.000000]   Centaur CentaurHauls
[    0.000000] x86/fpu: x87 FPU will use FXSAVE
[    0.000000] e820: BIOS-provided physical RAM map:
[    0.000000] BIOS-e820: [mem 0x0000000000000000-0x000000000009fbff] usable
[    0.000000] BIOS-e820: [mem 0x000000000009fc00-0x000000000009ffff] reserved
[    0.000000] BIOS-e820: [mem 0x00000000000f0000-0x00000000000fffff] reserved
[    0.000000] BIOS-e820: [mem 0x0000000000100000-0x00000000bffdefff] usable
[    0.000000] BIOS-e820: [mem 0x00000000bffdf000-0x00000000bfffffff] reserved
[    0.000000] BIOS-e820: [mem 0x00000000feffc000-0x00000000feffffff] reserved
[    0.000000] BIOS-e820: [mem 0x00000000fffc0000-0x00000000ffffffff] reserved
[    0.000000] BIOS-e820: [mem 0x0000000100000000-0x000000013fffffff] usable
[    0.000000] NX (Execute Disable) protection: active
[    0.000000] random: fast init done
[    0.000000] SMBIOS 2.8 present.
[    0.000000] DMI: QEMU Standard PC (i440FX + PIIX, 1996), BIOS rel-1.12.0-59-gc9ba5276e321-prebuilt.qemu.org 04/01/2014
[    0.000000] Hypervisor detected: KVM
[    0.000000] e820: last_pfn = 0x140000 max_arch_pfn = 0x400000000
[    0.000000] x86/PAT: PAT not supported by CPU.
[    0.000000] x86/PAT: Configuration [0-7]: WB  WT  UC- UC  WB  WT  UC- UC  
[    0.000000] e820: last_pfn = 0xbffdf max_arch_pfn = 0x400000000
[    0.000000] found SMP MP-table at [mem 0x000f5a70-0x000f5a7f] mapped at [        (ptrval)]
[    0.000000] Scanning 1 areas for low memory corruption
[    0.000000] RAMDISK: [mem 0x320e1000-0x35067fff]
[    0.000000] ACPI: Early table checksum verification disabled
[    0.000000] ACPI: RSDP 0x00000000000F5A30 000014 (v00 BOCHS )
[    0.000000] ACPI: RSDT 0x00000000BFFE13C5 000030 (v01 BOCHS  BXPCRSDT 00000001 BXPC 00000001)
[    0.000000] ACPI: FACP 0x00000000BFFE1289 000074 (v01 BOCHS  BXPCFACP 00000001 BXPC 00000001)
[    0.000000] ACPI: DSDT 0x00000000BFFDFD80 001509 (v01 BOCHS  BXPCDSDT 00000001 BXPC 00000001)
[    0.000000] ACPI: FACS 0x00000000BFFDFD40 000040
[    0.000000] ACPI: APIC 0x00000000BFFE12FD 000090 (v01 BOCHS  BXPCAPIC 00000001 BXPC 00000001)
[    0.000000] ACPI: HPET 0x00000000BFFE138D 000038 (v01 BOCHS  BXPCHPET 00000001 BXPC 00000001)
[    0.000000] No NUMA configuration found
[    0.000000] Faking a node at [mem 0x0000000000000000-0x000000013fffffff]
[    0.000000] NODE_DATA(0) allocated [mem 0x13ffd2000-0x13fffcfff]
[    0.000000] kvm-clock: cpu 0, msr 1:3ff51001, primary cpu clock
[    0.000000] kvm-clock: Using msrs 4b564d01 and 4b564d00
[    0.000000] kvm-clock: using sched offset of 9079023919 cycles
[    0.000000] clocksource: kvm-clock: mask: 0xffffffffffffffff max_cycles: 0x1cd42e4dffb, max_idle_ns: 881590591483 ns
[    0.000000] Zone ranges:
[    0.000000]   DMA      [mem 0x0000000000001000-0x0000000000ffffff]
[    0.000000]   DMA32    [mem 0x0000000001000000-0x00000000ffffffff]
[    0.000000]   Normal   [mem 0x0000000100000000-0x000000013fffffff]
[    0.000000]   Device   empty
[    0.000000] Movable zone start for each node
[    0.000000] Early memory node ranges
[    0.000000]   node   0: [mem 0x0000000000001000-0x000000000009efff]
[    0.000000]   node   0: [mem 0x0000000000100000-0x00000000bffdefff]
[    0.000000]   node   0: [mem 0x0000000100000000-0x000000013fffffff]
[    0.000000] Initmem setup node 0 [mem 0x0000000000001000-0x000000013fffffff]
[    0.000000] Reserved but unavailable: 98 pages
[    0.000000] ACPI: PM-Timer IO Port: 0x608
[    0.000000] ACPI: LAPIC_NMI (acpi_id[0xff] dfl dfl lint[0x1])
[    0.000000] IOAPIC[0]: apic_id 0, version 17, address 0xfec00000, GSI 0-23
[    0.000000] ACPI: INT_SRC_OVR (bus 0 bus_irq 0 global_irq 2 dfl dfl)
[    0.000000] ACPI: INT_SRC_OVR (bus 0 bus_irq 5 global_irq 5 high level)
[    0.000000] ACPI: INT_SRC_OVR (bus 0 bus_irq 9 global_irq 9 high level)
[    0.000000] ACPI: INT_SRC_OVR (bus 0 bus_irq 10 global_irq 10 high level)
[    0.000000] ACPI: INT_SRC_OVR (bus 0 bus_irq 11 global_irq 11 high level)
[    0.000000] Using ACPI (MADT) for SMP configuration information
[    0.000000] ACPI: HPET id: 0x8086a201 base: 0xfed00000
[    0.000000] smpboot: Allowing 4 CPUs, 0 hotplug CPUs
[    0.000000] PM: Registered nosave memory: [mem 0x00000000-0x00000fff]
[    0.000000] PM: Registered nosave memory: [mem 0x0009f000-0x0009ffff]
[    0.000000] PM: Registered nosave memory: [mem 0x000a0000-0x000effff]
[    0.000000] PM: Registered nosave memory: [mem 0x000f0000-0x000fffff]
[    0.000000] PM: Registered nosave memory: [mem 0xbffdf000-0xbfffffff]
[    0.000000] PM: Registered nosave memory: [mem 0xc0000000-0xfeffbfff]
[    0.000000] PM: Registered nosave memory: [mem 0xfeffc000-0xfeffffff]
[    0.000000] PM: Registered nosave memory: [mem 0xff000000-0xfffbffff]
[    0.000000] PM: Registered nosave memory: [mem 0xfffc0000-0xffffffff]
[    0.000000] e820: [mem 0xc0000000-0xfeffbfff] available for PCI devices
[    0.000000] Booting paravirtualized kernel on KVM
[    0.000000] clocksource: refined-jiffies: mask: 0xffffffff max_cycles: 0xffffffff, max_idle_ns: 7645519600211568 ns
[    0.000000] setup_percpu: NR_CPUS:8192 nr_cpumask_bits:4 nr_cpu_ids:4 nr_node_ids:1
[    0.000000] percpu: Embedded 46 pages/cpu @        (ptrval) s151552 r8192 d28672 u524288
[    0.000000] KVM setup async PF for cpu 0
[    0.000000] kvm-stealtime: cpu 0, msr 13fc24040
[    0.000000] Built 1 zonelists, mobility grouping on.  Total pages: 1032040
[    0.000000] Policy zone: Normal
[    0.000000] Kernel command line: BOOT_IMAGE=/boot/vmlinuz-4.15.0-20-generic root=UUID=8a5c65a8-9852-4c2a-9789-627cb736abe5 ro console=ttyS0
[    0.000000] Memory: 3984100K/4193780K available (12300K kernel code, 2470K rwdata, 4240K rodata, 2404K init, 2416K bss, 209680K reserved, 0K cma-reserved)
[    0.000000] SLUB: HWalign=64, Order=0-3, MinObjects=0, CPUs=4, Nodes=1
[    0.000000] Kernel/User page tables isolation: enabled
[    0.000000] ftrace: allocating 39065 entries in 153 pages
[    0.004000] Hierarchical RCU implementation.
[    0.004000] 	RCU restricting CPUs from NR_CPUS=8192 to nr_cpu_ids=4.
[    0.004000] 	Tasks RCU enabled.
[    0.004000] RCU: Adjusting geometry for rcu_fanout_leaf=16, nr_cpu_ids=4
[    0.004000] NR_IRQS: 524544, nr_irqs: 456, preallocated irqs: 16
[    0.004000] Console: colour VGA+ 80x25
[    0.004000] console [ttyS0] enabled
[    0.004000] ACPI: Core revision 20170831
[    0.004000] ACPI: 1 ACPI AML tables successfully acquired and loaded
[    0.004000] clocksource: hpet: mask: 0xffffffff max_cycles: 0xffffffff, max_idle_ns: 19112604467 ns
[    0.004018] APIC: Switch to symmetric I/O mode setup
[    0.004561] x2apic enabled
[    0.004960] Switched APIC routing to physical x2apic.
[    0.006005] ..TIMER: vector=0x30 apic1=0 pin1=2 apic2=-1 pin2=-1
[    0.006479] tsc: Detected 1608.011 MHz processor
[    0.006796] Calibrating delay loop (skipped) preset value.. 3216.02 BogoMIPS (lpj=6432044)
[    0.006796] pid_max: default: 32768 minimum: 301
[    0.006796] Security Framework initialized
[    0.008002] Yama: becoming mindful.
[    0.008275] AppArmor: AppArmor initialized
[    0.009142] Dentry cache hash table entries: 524288 (order: 10, 4194304 bytes)
[    0.010065] Inode-cache hash table entries: 262144 (order: 9, 2097152 bytes)
[    0.010595] Mount-cache hash table entries: 8192 (order: 4, 65536 bytes)
[    0.011100] Mountpoint-cache hash table entries: 8192 (order: 4, 65536 bytes)
[    0.011791] CPU: Physical Processor ID: 0
[    0.012013] mce: CPU supports 10 MCE banks
[    0.012363] Last level iTLB entries: 4KB 0, 2MB 0, 4MB 0
[    0.012737] Last level dTLB entries: 4KB 0, 2MB 0, 4MB 0, 1GB 0
[    0.013180] Spectre V2 : Mitigation: Full generic retpoline
[    0.013692] Freeing SMP alternatives memory: 36K
[    0.016000] smpboot: CPU0: Intel QEMU Virtual CPU version 2.5+ (family: 0x6, model: 0x6, stepping: 0x3)
[    0.016000] Performance Events: PMU not available due to virtualization, using software events only.
[    0.016000] Hierarchical SRCU implementation.
[    0.016000] NMI watchdog: Perf event create on CPU 0 failed with -2
[    0.016000] NMI watchdog: Perf NMI watchdog permanently disabled
[    0.016000] smp: Bringing up secondary CPUs ...
[    0.016000] x86: Booting SMP configuration:
[    0.016002] .... node  #0, CPUs:      #1
[    0.004000] kvm-clock: cpu 1, msr 1:3ff51041, secondary cpu clock
[    0.020032] KVM setup async PF for cpu 1
[    0.020313] kvm-stealtime: cpu 1, msr 13fca4040
[    0.020633]  #2
[    0.004000] kvm-clock: cpu 2, msr 1:3ff51081, secondary cpu clock
[    0.024026] KVM setup async PF for cpu 2
[    0.024396] kvm-stealtime: cpu 2, msr 13fd24040
[    0.024842]  #3
[    0.004000] kvm-clock: cpu 3, msr 1:3ff510c1, secondary cpu clock
[    0.032027] KVM setup async PF for cpu 3
[    0.032348] kvm-stealtime: cpu 3, msr 13fda4040
[    0.032750] smp: Brought up 1 node, 4 CPUs
[    0.032750] smpboot: Max logical packages: 4
[    0.032750] smpboot: Total of 4 processors activated (12864.08 BogoMIPS)
[    0.033420] devtmpfs: initialized
[    0.033420] x86/mm: Memory block size: 128MB
[    0.033420] evm: security.selinux
[    0.033420] evm: security.SMACK64
[    0.036003] evm: security.SMACK64EXEC
[    0.036273] evm: security.SMACK64TRANSMUTE
[    0.036574] evm: security.SMACK64MMAP
[    0.036865] evm: security.apparmor
[    0.037166] evm: security.ima
[    0.037374] evm: security.capability
[    0.037645] clocksource: jiffies: mask: 0xffffffff max_cycles: 0xffffffff, max_idle_ns: 7645041785100000 ns
[    0.037645] futex hash table entries: 1024 (order: 4, 65536 bytes)
[    0.037645] pinctrl core: initialized pinctrl subsystem
[    0.037789] RTC time: 22:53:34, date: 10/13/21
[    0.040098] NET: Registered protocol family 16
[    0.040468] audit: initializing netlink subsys (disabled)
[    0.040871] audit: type=2000 audit(1634165614.607:1): state=initialized audit_enabled=0 res=1
[    0.040871] cpuidle: using governor ladder
[    0.040871] cpuidle: using governor menu
[    0.040871] ACPI: bus type PCI registered
[    0.041067] acpiphp: ACPI Hot Plug PCI Controller Driver version: 0.5
[    0.041619] PCI: Using configuration type 1 for base access
[    0.044645] HugeTLB registered 2.00 MiB page size, pre-allocated 0 pages
[    0.044645] ACPI: Added _OSI(Module Device)
[    0.044645] ACPI: Added _OSI(Processor Device)
[    0.044705] ACPI: Added _OSI(3.0 _SCP Extensions)
[    0.045081] ACPI: Added _OSI(Processor Aggregator Device)
[    0.048087] ACPI: Interpreter enabled
[    0.048366] ACPI: (supports S0 S3 S4 S5)
[    0.048658] ACPI: Using IOAPIC for interrupt routing
[    0.049035] PCI: Using host bridge windows from ACPI; if necessary, use "pci=nocrs" and report a bug
[    0.049761] ACPI: Enabled 2 GPEs in block 00 to 0F
[    0.052348] ACPI: PCI Root Bridge [PCI0] (domain 0000 [bus 00-ff])
[    0.052810] acpi PNP0A03:00: _OSC: OS supports [ASPM ClockPM Segments MSI]
[    0.053317] acpi PNP0A03:00: _OSC failed (AE_NOT_FOUND); disabling ASPM
[    0.053840] acpi PNP0A03:00: fail to add MMCONFIG information, can't access extended PCI configuration space under this bridge.
[    0.054885] acpiphp: Slot [3] registered
[    0.055218] acpiphp: Slot [4] registered
[    0.055558] acpiphp: Slot [5] registered
[    0.055852] acpiphp: Slot [6] registered
[    0.056014] acpiphp: Slot [7] registered
[    0.056299] acpiphp: Slot [8] registered
[    0.056587] acpiphp: Slot [9] registered
[    0.056872] acpiphp: Slot [10] registered
[    0.057208] acpiphp: Slot [11] registered
[    0.057538] acpiphp: Slot [12] registered
[    0.057908] acpiphp: Slot [13] registered
[    0.058208] acpiphp: Slot [14] registered
[    0.058522] acpiphp: Slot [15] registered
[    0.058912] acpiphp: Slot [16] registered
[    0.059280] acpiphp: Slot [17] registered
[    0.059636] acpiphp: Slot [18] registered
[    0.060024] acpiphp: Slot [19] registered
[    0.060340] acpiphp: Slot [20] registered
[    0.060649] acpiphp: Slot [21] registered
[    0.060957] acpiphp: Slot [22] registered
[    0.061328] acpiphp: Slot [23] registered
[    0.061664] acpiphp: Slot [24] registered
[    0.061974] acpiphp: Slot [25] registered
[    0.062316] acpiphp: Slot [26] registered
[    0.062689] acpiphp: Slot [27] registered
[    0.063032] acpiphp: Slot [28] registered
[    0.063347] acpiphp: Slot [29] registered
[    0.063651] acpiphp: Slot [30] registered
[    0.064017] acpiphp: Slot [31] registered
[    0.064342] PCI host bridge to bus 0000:00
[    0.064670] pci_bus 0000:00: root bus resource [io  0x0000-0x0cf7 window]
[    0.065189] pci_bus 0000:00: root bus resource [io  0x0d00-0xffff window]
[    0.065661] pci_bus 0000:00: root bus resource [mem 0x000a0000-0x000bffff window]
[    0.066217] pci_bus 0000:00: root bus resource [mem 0xc0000000-0xfebfffff window]
[    0.066759] pci_bus 0000:00: root bus resource [mem 0x140000000-0x1bfffffff window]
[    0.067294] pci_bus 0000:00: root bus resource [bus 00-ff]
[    0.070219] pci 0000:00:01.1: legacy IDE quirk: reg 0x10: [io  0x01f0-0x01f7]
[    0.070753] pci 0000:00:01.1: legacy IDE quirk: reg 0x14: [io  0x03f6]
[    0.071273] pci 0000:00:01.1: legacy IDE quirk: reg 0x18: [io  0x0170-0x0177]
[    0.071808] pci 0000:00:01.1: legacy IDE quirk: reg 0x1c: [io  0x0376]
[    0.072336] pci 0000:00:01.3: quirk: [io  0x0600-0x063f] claimed by PIIX4 ACPI
[    0.072853] pci 0000:00:01.3: quirk: [io  0x0700-0x070f] claimed by PIIX4 SMB
[    0.082650] ACPI: PCI Interrupt Link [LNKA] (IRQs 5 *10 11)
[    0.083206] ACPI: PCI Interrupt Link [LNKB] (IRQs 5 *10 11)
[    0.083691] ACPI: PCI Interrupt Link [LNKC] (IRQs 5 10 *11)
[    0.084075] ACPI: PCI Interrupt Link [LNKD] (IRQs 5 10 *11)
[    0.084530] ACPI: PCI Interrupt Link [LNKS] (IRQs *9)
[    0.085448] SCSI subsystem initialized
[    0.085833] pci 0000:00:02.0: vgaarb: setting as boot VGA device
[    0.085833] pci 0000:00:02.0: vgaarb: VGA device added: decodes=io+mem,owns=io+mem,locks=none
[    0.085833] pci 0000:00:02.0: vgaarb: bridge control possible
[    0.085833] vgaarb: loaded
[    0.085833] ACPI: bus type USB registered
[    0.088018] usbcore: registered new interface driver usbfs
[    0.088834] usbcore: registered new interface driver hub
[    0.089242] usbcore: registered new device driver usb
[    0.089683] EDAC MC: Ver: 3.0.0
[    0.089683] PCI: Using ACPI for IRQ routing
[    0.089683] NetLabel: Initializing
[    0.089683] NetLabel:  domain hash size = 128
[    0.089683] NetLabel:  protocols = UNLABELED CIPSOv4 CALIPSO
[    0.089683] NetLabel:  unlabeled traffic allowed by default
[    0.092051] HPET: 3 timers in total, 0 timers will be used for per-cpu timer
[    0.092592] hpet0: at MMIO 0xfed00000, IRQs 2, 8, 0
[    0.092984] hpet0: 3 comparators, 64-bit 100.000000 MHz counter
[    0.099068] clocksource: Switched to clocksource kvm-clock
[    0.103894] VFS: Disk quotas dquot_6.6.0
[    0.104224] VFS: Dquot-cache hash table entries: 512 (order 0, 4096 bytes)
[    0.104808] AppArmor: AppArmor Filesystem Enabled
[    0.105259] pnp: PnP ACPI init
[    0.105898] pnp: PnP ACPI: found 6 devices
[    0.112270] clocksource: acpi_pm: mask: 0xffffff max_cycles: 0xffffff, max_idle_ns: 2085701024 ns
[    0.113035] NET: Registered protocol family 2
[    0.113702] TCP established hash table entries: 32768 (order: 6, 262144 bytes)
[    0.114350] TCP bind hash table entries: 32768 (order: 7, 524288 bytes)
[    0.114872] TCP: Hash tables configured (established 32768 bind 32768)
[    0.115386] UDP hash table entries: 2048 (order: 4, 65536 bytes)
[    0.115860] UDP-Lite hash table entries: 2048 (order: 4, 65536 bytes)
[    0.116370] NET: Registered protocol family 1
[    0.116728] pci 0000:00:00.0: Limiting direct PCI/PCI transfers
[    0.117199] pci 0000:00:01.0: PIIX3: Enabling Passive Release
[    0.117649] pci 0000:00:01.0: Activating ISA DMA hang workarounds
[    0.118154] pci 0000:00:02.0: Video device with shadowed ROM at [mem 0x000c0000-0x000dffff]
[    0.118833] Unpacking initramfs...
[    0.646901] Freeing initrd memory: 48668K
[    0.647499] PCI-DMA: Using software bounce buffering for IO (SWIOTLB)
[    0.648155] software IO TLB [mem 0xbbfdf000-0xbffdf000] (64MB) mapped at [000000002ffd68af-000000001cadcb44]
[    0.649225] Scanning for low memory corruption every 60 seconds
[    0.650268] Initialise system trusted keyrings
[    0.650727] Key type blacklist registered
[    0.651183] workingset: timestamp_bits=36 max_order=20 bucket_order=0
[    0.652553] zbud: loaded
[    0.653266] squashfs: version 4.0 (2009/01/31) Phillip Lougher
[    0.653947] fuse init (API version 7.26)
[    0.655624] Key type asymmetric registered
[    0.656152] Asymmetric key parser 'x509' registered
[    0.656616] Block layer SCSI generic (bsg) driver version 0.4 loaded (major 246)
[    0.657309] io scheduler noop registered
[    0.657620] io scheduler deadline registered
[    0.657970] io scheduler cfq registered (default)
[    0.658539] input: Power Button as /devices/LNXSYSTM:00/LNXPWRBN:00/input/input0
[    0.659106] ACPI: Power Button [PWRF]
[    0.659626] Serial: 8250/16550 driver, 32 ports, IRQ sharing enabled
[    0.682133] 00:05: ttyS0 at I/O 0x3f8 (irq = 4, base_baud = 115200) is a 16550A
[    0.683761] Linux agpgart interface v0.103
[    0.685263] loop: module loaded
[    0.686018] scsi host0: ata_piix
[    0.686365] scsi host1: ata_piix
[    0.686629] ata1: PATA max MWDMA2 cmd 0x1f0 ctl 0x3f6 bmdma 0xc040 irq 14
[    0.687116] ata2: PATA max MWDMA2 cmd 0x170 ctl 0x376 bmdma 0xc048 irq 15
[    0.687687] libphy: Fixed MDIO Bus: probed
[    0.688105] tun: Universal TUN/TAP device driver, 1.6
[    0.688542] PPP generic driver version 2.4.2
[    0.688926] ehci_hcd: USB 2.0 'Enhanced' Host Controller (EHCI) Driver
[    0.689568] ehci-pci: EHCI PCI platform driver
[    0.690084] ehci-platform: EHCI generic platform driver
[    0.690686] ohci_hcd: USB 1.1 'Open' Host Controller (OHCI) Driver
[    0.691401] ohci-pci: OHCI PCI platform driver
[    0.691904] ohci-platform: OHCI generic platform driver
[    0.692505] uhci_hcd: USB Universal Host Controller Interface driver
[    0.693014] i8042: PNP: PS/2 Controller [PNP0303:KBD,PNP0f13:MOU] at 0x60,0x64 irq 1,12
[    0.694084] serio: i8042 KBD port at 0x60,0x64 irq 1
[    0.694443] serio: i8042 AUX port at 0x60,0x64 irq 12
[    0.694893] mousedev: PS/2 mouse device common for all mice
[    0.695450] rtc_cmos 00:00: RTC can wake from S4
[    0.695949] input: AT Translated Set 2 keyboard as /devices/platform/i8042/serio0/input/input1
[    0.696612] rtc_cmos 00:00: rtc core: registered rtc_cmos as rtc0
[    0.697205] rtc_cmos 00:00: alarms up to one day, y3k, 114 bytes nvram, hpet irqs
[    0.697796] i2c /dev entries driver
[    0.698101] device-mapper: uevent: version 1.0.3
[    0.698537] device-mapper: ioctl: 4.37.0-ioctl (2017-09-20) initialised: dm-devel@redhat.com
[    0.699212] ledtrig-cpu: registered to indicate activity on CPUs
[    0.699962] NET: Registered protocol family 10
[    0.702857] Segment Routing with IPv6
[    0.703193] NET: Registered protocol family 17
[    0.703570] Key type dns_resolver registered
[    0.704091] RAS: Correctable Errors collector initialized.
[    0.704527] sched_clock: Marking stable (704066052, 0)->(974566867, -270500815)
[    0.705439] registered taskstats version 1
[    0.705827] Loading compiled-in X.509 certificates
[    0.707822] Loaded X.509 cert 'Build time autogenerated kernel key: f4ad6a5babf67650e4ceb385fa5dda8e4a178208'
[    0.708650] zswap: loaded using pool lzo/zbud
[    0.711144] Key type big_key registered
[    0.711494] Key type trusted registered
[    0.712929] Key type encrypted registered
[    0.713279] AppArmor: AppArmor sha1 policy hashing enabled
[    0.713746] ima: No TPM chip found, activating TPM-bypass! (rc=-19)
[    0.714291] evm: HMAC attrs: 0x1
[    0.714638]   Magic number: 9:675:906
[    0.715069] rtc_cmos 00:00: setting system clock to 2021-10-13 22:53:35 UTC (1634165615)
[    0.715856] BIOS EDD facility v0.16 2004-Jun-25, 0 devices found
[    0.716379] EDD information not available.
[    0.844727] ata1.00: ATA-7: QEMU HARDDISK, 2.5+, max UDMA/100
[    0.845468] ata1.00: 104857600 sectors, multi 16: LBA48 
[    0.846540] ata1.00: configured for MWDMA2
[    0.847034] scsi 0:0:0:0: Direct-Access     ATA      QEMU HARDDISK    2.5+ PQ: 0 ANSI: 5
[    0.847891] sd 0:0:0:0: [sda] 104857600 512-byte logical blocks: (53.7 GB/50.0 GiB)
[    0.847909] sd 0:0:0:0: Attached scsi generic sg0 type 0
[    0.848726] ata2.00: ATAPI: QEMU DVD-ROM, 2.5+, max UDMA/100
[    0.849225] ata2.00: configured for MWDMA2
[    0.850175] sd 0:0:0:0: [sda] Write Protect is off
[    0.850612] scsi 1:0:0:0: CD-ROM            QEMU     QEMU DVD-ROM     2.5+ PQ: 0 ANSI: 5
[    0.851426] sd 0:0:0:0: [sda] Write cache: enabled, read cache: enabled, doesn't support DPO or FUA
[    0.852802]  sda: sda1
[    0.853158] sd 0:0:0:0: [sda] Attached SCSI disk
[    0.880602] sr 1:0:0:0: [sr0] scsi3-mmc drive: 4x/4x cd/rw xa/form2 tray
[    0.881228] cdrom: Uniform CD-ROM driver Revision: 3.20
[    0.882012] sr 1:0:0:0: Attached scsi generic sg1 type 5
[    0.885615] Freeing unused kernel memory: 2404K
[    0.886164] Write protecting the kernel read-only data: 20480k
[    0.887858] Freeing unused kernel memory: 2008K
[    0.891912] Freeing unused kernel memory: 1904K
[    0.898350] x86/mm: Checked W+X mappings: passed, no W+X pages found.
[    0.898918] x86/mm: Checking user space page tables
[    0.905288] x86/mm: Checked W+X mappings: passed, no W+X pages found.
Loading, please wait...
starting version 237
[    0.965358] piix4_smbus 0000:00:01.3: SMBus Host Controller at 0x700, revision 0
[    0.967097] e1000: Intel(R) PRO/1000 Network Driver - version 7.3.21-k8-NAPI
[    0.967686] e1000: Copyright (c) 1999-2006 Intel Corporation.
[    0.975994] input: VirtualPS/2 VMware VMMouse as /devices/platform/i8042/serio1/input/input4
[    0.977201] input: VirtualPS/2 VMware VMMouse as /devices/platform/i8042/serio1/input/input3
[    0.982777] Floppy drive(s): fd0 is 2.88M AMI BIOS
[    0.997208] ACPI: PCI Interrupt Link [LNKC] enabled at IRQ 11
[    1.000284] FDC 0 is a S82078B
[    1.329218] e1000 0000:00:03.0 eth0: (PCI:33MHz:32-bit) 52:54:00:12:34:56
[    1.331188] e1000 0000:00:03.0 eth0: Intel(R) PRO/1000 Network Connection
[    1.333912] e1000 0000:00:03.0 ens3: renamed from eth0
Begin: Loading essential drivers ... done.
Begin: Running /scripts/init-premount ... done.
Begin: Mounting root file system ... Begin: Running /scripts/local-top ... done.
Begin: Running /scripts/local-premount ... done.
Begin: Will now check root file system ... fsck from util-linux 2.31.1
[/sbin/fsck.ext4 (1) -- /dev/sda1] fsck.ext4 -a -C0 /dev/sda1 
/dev/sda1: clean, 64947/3276800 files, 689601/13106656 blocks
done.
[    1.504572] EXT4-fs (sda1): mounted filesystem with ordered data mode. Opts: (null)
done.
Begin: Running /scripts/local-bottom ... done.
Begin: Running /scripts/init-bottom ... done.
[    1.621347] ip_tables: (C) 2000-2006 Netfilter Core Team
[    1.626449] systemd[1]: systemd 237 running in system mode. (+PAM +AUDIT +SELINUX +IMA +APPARMOR +SMACK +SYSVINIT +UTMP +LIBCRYPTSETUP +GCRYPT +GNUTLS +ACL +XZ +LZ4 +SECCOMP +BLKID +ELFUTILS +KMOD -IDN2 +IDN -PCRE2 default-hierarchy=hybrid)
[    1.628400] systemd[1]: Detected virtualization kvm.
[    1.628854] systemd[1]: Detected architecture x86-64.

Welcome to [1mUbuntu 18.04 LTS[0m!

[    1.632565] systemd[1]: Set hostname to <box>.
[    1.664059] tsc: Refined TSC clocksource calibration: 1607.995 MHz
[    1.664803] clocksource: tsc: mask: 0xffffffffffffffff max_cycles: 0x172da5a2e4c, max_idle_ns: 440795256865 ns
[    1.750336] systemd[1]: Reached target Remote File Systems.
[[0;32m  OK  [0m] Reached target Remote File Systems.
[    1.751420] systemd[1]: Created slice System Slice.
[[0;32m  OK  [0m] Created slice System Slice.
[    1.752233] systemd[1]: Listening on Journal Socket (/dev/log).
[[0;32m  OK  [0m] Listening on Journal Socket (/dev/log).
[    1.753155] systemd[1]: Listening on fsck to fsckd communication Socket.
[[0;32m  OK  [0m] Listening on fsck to fsckd communication Socket.
[    1.754236] systemd[1]: Listening on /dev/initctl Compatibility Named Pipe.
[[0;32m  OK  [0m] Listening on /dev/initctl Compatibility Named Pipe.
[    1.755315] systemd[1]: Listening on udev Kernel Socket.
[[0;32m  OK  [0m] Listening on udev Kernel Socket.
[[0;32m  OK  [0m] Started Forward Password Requests to Wall Directory Watch.
[[0;32m  OK  [0m] Listening on udev Control Socket.
[[0;32m  OK  [0m] Listening on Journal Audit Socket.
[[0;32m  OK  [0m] Set up automount Arbitrary Executabâ€¦rmats File System Automount Point.
[[0;32m  OK  [0m] Created slice system-serial\x2dgetty.slice.
[[0;32m  OK  [0m] Created slice User and Session Slice.
[[0;32m  OK  [0m] Listening on Syslog Socket.
[[0;32m  OK  [0m] Reached target User and Group Name Lookups.
[[0;32m  OK  [0m] Listening on Journal Socket.
         Starting Journal Service...
         Starting Create list of required stâ€¦ce nodes for the current kernel...
         Mounting POSIX Message Queue File System...
         Starting Set the console keyboard layout...
         Mounting Huge Pages File System...
         Mounting Kernel Debug File System...
         Starting Uncomplicated firewall...
         Starting udev Coldplug all Devices...
         Starting Load Kernel Modules...
         Starting Remount Root and Kernel File Systems...
[[0;32m  OK  [0m] Reached target Slices.
[[0;32m  OK  [0m] Started Create list of required staâ€¦vice nodes for the current kernel.
         Starting Create Static Device Nodes in /dev...
[[0;32m  OK  [0m] Started Journal Service.
[[0;32m  OK  [0m] Mounted POSIX Message Queue File System.
[[0;32m  OK  [0m] Mounted Huge Pages File System.
[[0;32m  OK  [0m] Mounted Kernel Debug File System.
[[0;32m  OK  [0m] Started Uncomplicated firewall.
[    1.816399] EXT4-fs (sda1): re-mounted. Opts: errors=remount-ro
[[0;32m  OK  [0m] Started Remount Root and Kernel File Systems.
[[0;32m  OK  [0m] Started Load Kernel Modules.
[[0;32m  OK  [0m] Started udev Coldplug all Devices.
         Mounting Kernel Configuration File System...
         Mounting FUSE Control File System...
         Starting Apply Kernel Variables...
         Starting Flush Journal to Persistent Storage...
         Activating swap /swapfile...
         Starting Load/Save Random Seed...
[[0;32m  OK  [0m] Mounted Kernel Configuration File System.
[[0;32m  OK  [0m] Mounted FUSE Control File System.
[[0;32m  OK  [0m] Started Create Static Device Nodes in /dev.
         Starting udev Kernel Device Manager...
[[0;32m  OK  [0m] Started Load/Save Random Seed.
[    1.853835] systemd-journald[233]: Received request to flush runtime journal from PID 1
[[0;32m  OK  [0m] Started Flush Journal to Persistent Storage.
[[0;32m  OK  [0m] Started udev Kernel Device Manager.
[[0;32m  OK  [0m] Started Apply Kernel Variables.
         Starting Network Service...
[[0;32m  OK  [0m] Started Set the console keyboard layout.
[[0;32m  OK  [0m] Started Dispatch Password Requests to Console Directory Watch.
[[0;32m  OK  [0m] Reached target Paths.
[[0;32m  OK  [0m] Reached target Local Encrypted Volumes.
[[0;32m  OK  [0m] Reached target Local File Systems (Pre).
[[0;32m  OK  [0m] Reached target Local File Systems.
         Starting Tell Plymouth To Write Out Runtime Data...
         Starting Create Volatile Files and Directories...
         Starting Set console font and keymap...
         Starting AppArmor initialization...
[[0;32m  OK  [0m] Activated swap /swapfile.
[[0;32m  OK  [0m] Reached target Swap.
[[0;32m  OK  [0m] Started Create Volatile Files and Directories.
         Starting Network Time Synchronization...
         Starting Update UTMP about System Boot/Shutdown...
[[0;32m  OK  [0m] Started Update UTMP about System Boot/Shutdown.
[[0;32m  OK  [0m] Started Tell Plymouth To Write Out Runtime Data.
[[0;32m  OK  [0m] Started Network Service.
         Starting Network Name Resolution...
[[0;32m  OK  [0m] Started Set console font and keymap.
[[0;32m  OK  [0m] Started Network Time Synchronization.
[[0;32m  OK  [0m] Found device /dev/ttyS0.
[[0;32m  OK  [0m] Reached target System Time Synchronized.
[[0;32m  OK  [0m] Listening on Load/Save RF Kill Switch Status /dev/rfkill Watch.
[[0;32m  OK  [0m] Started Network Name Resolution.
[[0;32m  OK  [0m] Reached target Host and Network Name Lookups.
[[0;32m  OK  [0m] Reached target Network.
[[0;32m  OK  [0m] Started AppArmor initialization.
[[0;32m  OK  [0m] Reached target System Initialization.
[[0;32m  OK  [0m] Started Message of the Day.
[[0;32m  OK  [0m] Started Discard unused blocks once a week.
[[0;32m  OK  [0m] Started Daily apt download activities.
[[0;32m  OK  [0m] Listening on UUID daemon activation socket.
[[0;32m  OK  [0m] Started Daily Cleanup of Temporary Directories.
[[0;32m  OK  [0m] Started Daily apt upgrade and clean activities.
[[0;32m  OK  [0m] Reached target Timers.
[[0;32m  OK  [0m] Listening on D-Bus System Message Bus Socket.
[[0;32m  OK  [0m] Reached target Sockets.
[[0;32m  OK  [0m] Reached target Basic System.
[[0;32m  OK  [0m] Started Regular background program processing daemon.
         Starting LSB: Record successful boot for GRUB...
[[0;32m  OK  [0m] Started D-Bus System Message Bus.
[[0;32m  OK  [0m] Started irqbalance daemon.
         Starting LSB: QEMU Guest Agent startup script...
         Starting Dispatcher daemon for systemd-networkd...
         Starting Accounts Service...
         Starting System Logging Service...
         Starting Login Service...
         Starting Permit User Sessions...
         Starting OpenBSD Secure Shell server...
         Starting /etc/rc.local Compatibility...
[[0;32m  OK  [0m] Started LSB: QEMU Guest Agent startup script.
[[0;32m  OK  [0m] Started Permit User Sessions.
[[0;32m  OK  [0m] Started Accounts Service.
[[0;32m  OK  [0m] Started Login Service.
[[0;32m  OK  [0m] Started System Logging Service.
[[0;32m  OK  [0m] Started OpenBSD Secure Shell server.
[[0;32m  OK  [0m] Started LSB: Record successful boot for GRUB.
[[0;32m  OK  [0m] Started Dispatcher daemon for systemd-networkd.
         Stopping Network Name Resolution...
[[0;32m  OK  [0m] Stopped Network Name Resolution.
         Starting Network Name Resolution...
[[0;32m  OK  [0m] Started Network Name Resolution.
[[0;32m  OK  [0m] Started /etc/rc.local Compatibility.
         Starting Terminate Plymouth Boot Screen...
         Starting Hold until boot process finishes up...
[[0;32m  OK  [0m] Started Hold until boot process finishes up.
         Starting Set console scheme...
[[0;32m  OK  [0m] Started Serial Getty on ttyS0.
[[0;32m  OK  [0m] Started Set console scheme.
[[0;32m  OK  [0m] Created slice system-getty.slice.
[[0;32m  OK  [0m] Started Getty on tty1.
[[0;32m  OK  [0m] Reached target Login Prompts.
[[0;32m  OK  [0m] Started Terminate Plymouth Boot Screen.
[[0;32m  OK  [0m] Reached target Multi-User System.
[[0;32m  OK  [0m] Reached target Graphical Interface.
         Starting Update UTMP about System Runlevel Changes...
[[0;32m  OK  [0m] Started Update UTMP about System Runlevel Changes.

Ubuntu 18.04 LTS box ttyS0

box login: root
Password: 
Welcome to Ubuntu 18.04 LTS (GNU/Linux 4.15.0-20-generic x86_64)

 * Documentation:  https://help.ubuntu.com
 * Management:     https://landscape.canonical.com
 * Support:        https://ubuntu.com/advantage

The programs included with the Ubuntu system are free software;
the exact distribution terms for each program are described in the
individual files in /usr/share/doc/*/copyright.

Ubuntu comes with ABSOLUTELY NO WARRANTY, to the extent permitted by
applicable law.

root@box:~# dpkg --configure -a && apt --fix-broken install -y && apt-get update  -y && apt-get install maven git -y
Reading package lists... 0%Reading package lists... 0%Reading package lists... 24%Reading package lists... Done
Building dependency tree... 0%Building dependency tree... 0%Building dependency tree... 50%Building dependency tree... 50%Building dependency tree       
Reading state information... 0%Reading state information... 1%Reading state information... Done
0 upgraded, 0 newly installed, 0 to remove and 212 not upgraded.
0% [Working]            Get:1 http://security.ubuntu.com/ubuntu bionic-security InRelease [88.7 kB]
0% [Waiting for headers] [1 InRelease 6,930 B/88.7 kB 8%]                                                         Hit:2 http://us.archive.ubuntu.com/ubuntu bionic InRelease
0% [Waiting for headers] [1 InRelease 14.2 kB/88.7 kB 16%]0% [2 InRelease gpgv 242 kB] [Waiting for headers] [1 InRelease 14.2 kB/88.7 kB                                                                               Get:3 http://us.archive.ubuntu.com/ubuntu bionic-updates InRelease [88.7 kB]
0% [2 InRelease gpgv 242 kB] [3 InRelease 6,946 B/88.7 kB 8%] [1 InRelease 20.0                                                                               0% [3 InRelease 15.6 kB/88.7 kB 18%] [1 InRelease 20.0 kB/88.7 kB 22%]                                                                      0% [3 InRelease 64.9 kB/88.7 kB 73%]0% [1 InRelease gpgv 88.7 kB] [3 InRelease 64.9 kB/88.7 kB 73%]                                                               0% [1 InRelease gpgv 88.7 kB]                             0% [Waiting for headers]0% [3 InRelease gpgv 88.7 kB] [Waiting for headers] [Waiting for headers]                                                                         0% [Waiting for headers] [Waiting for headers]                                              Get:4 http://us.archive.ubuntu.com/ubuntu bionic-backports InRelease [74.6 kB]
0% [4 InRelease 2,602 B/74.6 kB 3%] [Waiting for headers]                                                         Get:5 http://security.ubuntu.com/ubuntu bionic-security/main amd64 Packages [1,906 kB]
0% [4 InRelease 12.7 kB/74.6 kB 17%] [5 Packages 2,685 B/1,906 kB 0%]                                                                     0% [5 Packages 72.2 kB/1,906 kB 4%]0% [4 InRelease gpgv 74.6 kB] [5 Packages 72.2 kB/1,906 kB 4%]                                                              21% [Waiting for headers] [5 Packages 145 kB/1,906 kB 8%]                                                         Get:6 http://us.archive.ubuntu.com/ubuntu bionic-updates/main amd64 Packages [2,251 kB]
21% [6 Packages 1,237 B/2,251 kB 0%] [5 Packages 171 kB/1,906 kB 9%]35% [6 Packages 1,081 kB/2,251 kB 48%] [5 Packages 1,303 kB/1,906 kB 68%]                                                                         42% [6 Packages 1,401 kB/2,251 kB 62%]42% [5 Packages store 0 B] [6 Packages 1,401 kB/2,251 kB 62%] [Waiting for head                                                                               Get:7 http://security.ubuntu.com/ubuntu bionic-security/main i386 Packages [1,056 kB]
43% [5 Packages store 0 B] [6 Packages 1,585 kB/2,251 kB 70%] [7 Packages 73.6                                                                                43% [6 Packages 1,585 kB/2,251 kB 70%] [7 Packages 73.6 kB/1,056 kB 7%]                                                                       48% [Waiting for headers] [7 Packages 152 kB/1,056 kB 14%]                                                          Get:8 http://us.archive.ubuntu.com/ubuntu bionic-updates/main i386 Packages [1,360 kB]
49% [8 Packages 158 kB/1,360 kB 12%] [7 Packages 152 kB/1,056 kB 14%]49% [6 Packages store 0 B] [8 Packages 158 kB/1,360 kB 12%] [7 Packages 152 kB/59% [6 Packages store 0 B] [8 Packages 743 kB/1,360 kB 55%] [Waiting for header                                                                               Get:9 http://security.ubuntu.com/ubuntu bionic-security/main Translation-en [346 kB]
60% [6 Packages store 0 B] [8 Packages 743 kB/1,360 kB 55%] [9 Translation-en 362% [6 Packages store 0 B] [8 Packages 743 kB/1,360 kB 55%] [Waiting for header                                                                               Get:10 http://security.ubuntu.com/ubuntu bionic-security/restricted amd64 Packages [469 kB]
63% [6 Packages store 0 B] [8 Packages 743 kB/1,360 kB 55%] [10 Packages 177 kB                                                                               69% [6 Packages store 0 B] [10 Packages 423 kB/469 kB 90%]                                                          Get:11 http://us.archive.ubuntu.com/ubuntu bionic-updates/main Translation-en [438 kB]
69% [6 Packages store 0 B] [11 Translation-en 0 B/438 kB 0%] [10 Packages 423 k                                                                               69% [11 Translation-en 52.5 kB/438 kB 12%] [10 Packages 423 kB/469 kB 90%]69% [7 Packages store 0 B] [11 Translation-en 52.5 kB/438 kB 12%] [10 Packages                                                                                72% [7 Packages store 0 B] [10 Packages 423 kB/469 kB 90%]                                                          Get:12 http://us.archive.ubuntu.com/ubuntu bionic-updates/restricted amd64 Packages [493 kB]
72% [7 Packages store 0 B] [12 Packages 0 B/493 kB 0%] [10 Packages 423 kB/469 74% [7 Packages store 0 B] [12 Packages 322 kB/493 kB 65%] [Waiting for headers                                                                               Get:13 http://security.ubuntu.com/ubuntu bionic-security/restricted Translation-en [63.2 kB]
74% [7 Packages store 0 B] [12 Packages 322 kB/493 kB 65%] [13 Translation-en 1                                                                               74% [12 Packages 322 kB/493 kB 65%] [13 Translation-en 14.3 kB/63.2 kB 23%]74% [9 Translation-en store 0 B] [12 Packages 322 kB/493 kB 65%] [13 Translatio                                                                               76% [9 Translation-en store 0 B] [13 Translation-en 14.3 kB/63.2 kB 23%]                                                                        Get:14 http://us.archive.ubuntu.com/ubuntu bionic-updates/restricted Translation-en [66.9 kB]
76% [9 Translation-en store 0 B] [14 Translation-en 0 B/66.9 kB 0%] [13 Transla76% [14 Translation-en 62.0 kB/66.9 kB 93%] [13 Translation-en 14.3 kB/63.2 kB 76% [8 Packages store 0 B] [14 Translation-en 62.0 kB/66.9 kB 93%] [13 Translat                                                                               76% [8 Packages store 0 B] [13 Translation-en 14.3 kB/63.2 kB 23%]                                                                  Get:15 http://us.archive.ubuntu.com/ubuntu bionic-updates/universe amd64 Packages [1,756 kB]
76% [8 Packages store 0 B] [15 Packages 0 B/1,756 kB 0%] [13 Translation-en 14.                                                                               83% [15 Packages 955 kB/1,756 kB 54%] [13 Translation-en 14.3 kB/63.2 kB 23%]83% [11 Translation-en store 0 B] [15 Packages 955 kB/1,756 kB 54%] [13 Transla88% [15 Packages 1,675 kB/1,756 kB 95%] [13 Translation-en 18.6 kB/63.2 kB 29%]88% [10 Packages store 0 B] [15 Packages 1,675 kB/1,756 kB 95%] [13 Translation88% [15 Packages 1,676 kB/1,756 kB 95%] [13 Translation-en 18.6 kB/63.2 kB 29%]88% [12 Packages store 0 B] [15 Packages 1,676 kB/1,756 kB 95%] [13 Translation88% [15 Packages 1,676 kB/1,756 kB 95%] [13 Translation-en 18.6 kB/63.2 kB 29%]88% [14 Translation-en store 0 B] [15 Packages 1,676 kB/1,756 kB 95%] [13 Trans88% [15 Packages 1,676 kB/1,756 kB 95%] [13 Translation-en 18.6 kB/63.2 kB 29%]                                                                               89% [13 Translation-en 18.6 kB/63.2 kB 29%]89% [15 Packages store 0 B] [Waiting for headers] [13 Translation-en 18.6 kB/63                                                                               Get:16 http://us.archive.ubuntu.com/ubuntu bionic-updates/universe i386 Packages [1,581 kB]
89% [15 Packages store 0 B] [16 Packages 0 B/1,581 kB 0%] [13 Translation-en 18                                                                               99% [15 Packages store 0 B] [13 Translation-en 18.6 kB/63.2 kB 29%]                                                                   99% [15 Packages store 0 B]                           100% [Working]100% [16 Packages store 0 B]                            100% [Working]100% [13 Translation-en store 0 B]                                  100% [Working]              Fetched 12.0 MB in 4s (3,271 kB/s)
Reading package lists... 0%Reading package lists... 0%Reading package lists... 0%Reading package lists... 2%Reading package lists... 2%Reading package lists... 5%Reading package lists... 5%Reading package lists... 6%Reading package lists... 6%Reading package lists... 6%Reading package lists... 6%Reading package lists... 6%Reading package lists... 6%Reading package lists... 6%Reading package lists... 6%Reading package lists... 26%Reading package lists... 26%Reading package lists... 29%Reading package lists... 47%Reading package lists... 47%Reading package lists... 58%Reading package lists... 58%Reading package lists... 58%Reading package lists... 58%Reading package lists... 58%Reading package lists... 58%Reading package lists... 59%Reading package lists... 59%Reading package lists... 64%Reading package lists... 64%Reading package lists... 67%Reading package lists... 67%Reading package lists... 70%Reading package lists... 70%Reading package lists... 71%Reading package lists... 71%Reading package lists... 72%Reading package lists... 72%Reading package lists... 72%Reading package lists... 72%Reading package lists... 74%Reading package lists... 76%Reading package lists... 76%Reading package lists... 80%Reading package lists... 80%Reading package lists... 81%Reading package lists... 81%Reading package lists... 82%Reading package lists... 82%Reading package lists... 82%Reading package lists... 82%Reading package lists... 82%Reading package lists... 82%Reading package lists... 82%Reading package lists... 82%Reading package lists... 82%Reading package lists... 82%Reading package lists... 82%Reading package lists... 82%Reading package lists... 82%Reading package lists... 82%Reading package lists... 82%Reading package lists... 82%Reading package lists... 82%Reading package lists... 82%Reading package lists... 86%Reading package lists... 86%Reading package lists... 88%Reading package lists... 88%Reading package lists... 91%Reading package lists... 91%Reading package lists... 93%Reading package lists... 93%Reading package lists... 93%Reading package lists... 93%Reading package lists... 93%Reading package lists... 93%Reading package lists... 96%Reading package lists... 96%Reading package lists... 98%Reading package lists... 98%Reading package lists... 99%Reading package lists... 99%Reading package lists... 99%Reading package lists... 99%Reading package lists... 99%Reading package lists... 99%Reading package lists... 99%Reading package lists... 99%Reading package lists... Done
Reading package lists... 0%Reading package lists... 100%Reading package lists... Done
Building dependency tree... 0%Building dependency tree... 0%Building dependency tree... 50%Building dependency tree... 50%Building dependency tree       
Reading state information... 0%Reading state information... 1%Reading state information... Done
The following additional packages will be installed:
  ca-certificates-java default-jre-headless fontconfig-config
  fonts-dejavu-core git-man java-common libaopalliance-java libapache-pom-java
  libasn1-8-heimdal libasound2 libasound2-data libatinject-jsr330-api-java
  libavahi-client3 libavahi-common-data libavahi-common3 libcdi-api-java
  libcommons-cli-java libcommons-io-java libcommons-lang3-java
  libcommons-parent-java libcups2 libcurl3-gnutls liberror-perl libfontconfig1
  libgdbm-compat4 libgeronimo-annotation-1.3-spec-java
  libgeronimo-interceptor-3.0-spec-java libgraphite2-3 libgssapi3-heimdal
  libguava-java libguice-java libharfbuzz0b libhawtjni-runtime-java
  libhcrypto4-heimdal libheimbase1-heimdal libheimntlm0-heimdal
  libhx509-5-heimdal libjansi-java libjansi-native-java libjpeg-turbo8
  libjpeg8 libjsr305-java libkrb5-26-heimdal liblcms2-2 libldap-2.4-2
  libldap-common libmaven-parent-java libmaven-resolver-java
  libmaven-shared-utils-java libmaven3-core-java libnghttp2-14 libpcsclite1
  libperl5.26 libplexus-cipher-java libplexus-classworlds-java
  libplexus-component-annotations-java libplexus-interpolation-java
  libplexus-sec-dispatcher-java libplexus-utils2-java libroken18-heimdal
  librtmp1 libsasl2-2 libsasl2-modules libsasl2-modules-db libsisu-inject-java
  libsisu-plexus-java libslf4j-java libwagon-file-java
  libwagon-http-shaded-java libwagon-provider-api-java libwind0-heimdal
  openjdk-11-jre-headless patch perl perl-base perl-modules-5.26
Suggested packages:
  default-jre git-daemon-run | git-daemon-sysvinit git-doc git-el git-email
  git-gui gitk gitweb git-cvs git-mediawiki git-svn libaopalliance-java-doc
  libasound2-plugins alsa-utils libatinject-jsr330-api-java-doc
  libservlet3.1-java libcommons-io-java-doc libcommons-lang3-java-doc
  cups-common libasm-java libcglib-java libjsr305-java-doc liblcms2-utils
  libmaven-shared-utils-java-doc liblogback-java pcscd
  libplexus-cipher-java-doc libplexus-classworlds-java-doc
  libplexus-interpolation-java-doc libplexus-sec-dispatcher-java-doc
  libplexus-utils2-java-doc libsasl2-modules-gssapi-mit
  | libsasl2-modules-gssapi-heimdal libsasl2-modules-ldap libsasl2-modules-otp
  libsasl2-modules-sql junit4 testng libcommons-logging-java liblog4j1.2-java
  libnss-mdns fonts-dejavu-extra fonts-ipafont-gothic fonts-ipafont-mincho
  fonts-wqy-microhei | fonts-wqy-zenhei fonts-indic diffutils-doc perl-doc
  libterm-readline-gnu-perl | libterm-readline-perl-perl make
The following NEW packages will be installed:
  ca-certificates-java default-jre-headless fontconfig-config
  fonts-dejavu-core git git-man java-common libaopalliance-java
  libapache-pom-java libasn1-8-heimdal libasound2 libasound2-data
  libatinject-jsr330-api-java libavahi-client3 libavahi-common-data
  libavahi-common3 libcdi-api-java libcommons-cli-java libcommons-io-java
  libcommons-lang3-java libcommons-parent-java libcups2 libcurl3-gnutls
  liberror-perl libfontconfig1 libgdbm-compat4
  libgeronimo-annotation-1.3-spec-java libgeronimo-interceptor-3.0-spec-java
  libgraphite2-3 libgssapi3-heimdal libguava-java libguice-java libharfbuzz0b
  libhawtjni-runtime-java libhcrypto4-heimdal libheimbase1-heimdal
  libheimntlm0-heimdal libhx509-5-heimdal libjansi-java libjansi-native-java
  libjpeg-turbo8 libjpeg8 libjsr305-java libkrb5-26-heimdal liblcms2-2
  libldap-2.4-2 libldap-common libmaven-parent-java libmaven-resolver-java
  libmaven-shared-utils-java libmaven3-core-java libnghttp2-14 libpcsclite1
  libperl5.26 libplexus-cipher-java libplexus-classworlds-java
  libplexus-component-annotations-java libplexus-interpolation-java
  libplexus-sec-dispatcher-java libplexus-utils2-java libroken18-heimdal
  librtmp1 libsasl2-2 libsasl2-modules libsasl2-modules-db libsisu-inject-java
  libsisu-plexus-java libslf4j-java libwagon-file-java
  libwagon-http-shaded-java libwagon-provider-api-java libwind0-heimdal maven
  openjdk-11-jre-headless patch perl perl-modules-5.26
The following packages will be upgraded:
  perl-base
1 upgraded, 77 newly installed, 0 to remove and 211 not upgraded.
Need to get 62.8 MB of archives.
After this operation, 271 MB of additional disk space will be used.
0% [Working]            Get:1 http://us.archive.ubuntu.com/ubuntu bionic-updates/main amd64 perl-base amd64 5.26.1-6ubuntu0.5 [1,391 kB]
0% [1 perl-base 4,059 B/1,391 kB 0%]1% [1 perl-base 647 kB/1,391 kB 47%]                                    2% [Working]            Get:2 http://us.archive.ubuntu.com/ubuntu bionic-updates/main amd64 libjpeg-turbo8 amd64 1.5.2-0ubuntu5.18.04.4 [110 kB]
2% [2 libjpeg-turbo8 18.5 kB/110 kB 17%]                                        Get:3 http://us.archive.ubuntu.com/ubuntu bionic-updates/main amd64 perl-modules-5.26 all 5.26.1-6ubuntu0.5 [2,762 kB]
3% [3 perl-modules-5.26 136 kB/2,762 kB 5%]5% [3 perl-modules-5.26 2,054 kB/2,762 kB 74%]                                              6% [Waiting for headers]                        Get:4 http://us.archive.ubuntu.com/ubuntu bionic/main amd64 libgdbm-compat4 amd64 1.14.1-6 [6,084 B]
6% [Waiting for headers]                        Get:5 http://us.archive.ubuntu.com/ubuntu bionic-updates/main amd64 libperl5.26 amd64 5.26.1-6ubuntu0.5 [3,534 kB]
7% [5 libperl5.26 149 kB/3,534 kB 4%]9% [5 libperl5.26 2,205 kB/3,534 kB 62%]                                        11% [Waiting for headers]                         Get:6 http://us.archive.ubuntu.com/ubuntu bionic-updates/main amd64 perl amd64 5.26.1-6ubuntu0.5 [201 kB]
11% [6 perl 36.8 kB/201 kB 18%]                               12% [Waiting for headers]                         Get:7 http://us.archive.ubuntu.com/ubuntu bionic-updates/main amd64 java-common all 0.68ubuntu1~18.04.1 [14.5 kB]
                         Get:8 http://us.archive.ubuntu.com/ubuntu bionic-updates/main amd64 libavahi-common-data amd64 0.7-3.1ubuntu1.3 [22.2 kB]
12% [8 libavahi-common-data 22.2 kB/22.2 kB 100%]                                                 Get:9 http://us.archive.ubuntu.com/ubuntu bionic-updates/main amd64 libavahi-common3 amd64 0.7-3.1ubuntu1.3 [21.6 kB]
                                                 Get:10 http://us.archive.ubuntu.com/ubuntu bionic-updates/main amd64 libavahi-client3 amd64 0.7-3.1ubuntu1.3 [25.2 kB]
                                                 Get:11 http://us.archive.ubuntu.com/ubuntu bionic-updates/main amd64 libcups2 amd64 2.2.7-1ubuntu2.8 [211 kB]
                                                 13% [11 libcups2 211 kB/211 kB 100%]                                    Get:12 http://us.archive.ubuntu.com/ubuntu bionic-updates/main amd64 liblcms2-2 amd64 2.9-1ubuntu0.1 [139 kB]
13% [12 liblcms2-2 75.0 kB/139 kB 54%]                                      14% [Working]             Get:13 http://us.archive.ubuntu.com/ubuntu bionic/main amd64 libjpeg8 amd64 8c-2ubuntu8 [2,194 B]
             Get:14 http://us.archive.ubuntu.com/ubuntu bionic/main amd64 fonts-dejavu-core all 2.37-1 [1,041 kB]
14% [14 fonts-dejavu-core 141 kB/1,041 kB 14%]                                              16% [Waiting for headers]                         Get:15 http://us.archive.ubuntu.com/ubuntu bionic/main amd64 fontconfig-config all 2.12.6-0ubuntu2 [55.8 kB]
16% [15 fontconfig-config 1,656 B/55.8 kB 3%]                                             16% [Working]             Get:16 http://us.archive.ubuntu.com/ubuntu bionic/main amd64 libfontconfig1 amd64 2.12.6-0ubuntu2 [137 kB]
16% [16 libfontconfig1 4,949 B/137 kB 4%]                                         16% [Working]             Get:17 http://us.archive.ubuntu.com/ubuntu bionic-updates/main amd64 libasound2-data all 1.1.3-5ubuntu0.6 [38.5 kB]
16% [17 libasound2-data 15.6 kB/38.5 kB 41%]                                            17% [Working]             Get:18 http://us.archive.ubuntu.com/ubuntu bionic-updates/main amd64 libasound2 amd64 1.1.3-5ubuntu0.6 [360 kB]
17% [18 libasound2 10.1 kB/360 kB 3%]                                     17% [Waiting for headers]                         Get:19 http://us.archive.ubuntu.com/ubuntu bionic/main amd64 libgraphite2-3 amd64 1.3.11-2 [78.7 kB]
17% [19 libgraphite2-3 7,639 B/78.7 kB 10%]                                           18% [Working]             Get:20 http://us.archive.ubuntu.com/ubuntu bionic/main amd64 libharfbuzz0b amd64 1.7.2-1ubuntu1 [232 kB]
18% [20 libharfbuzz0b 22.7 kB/232 kB 10%]                                         18% [Waiting for headers]                         Get:21 http://us.archive.ubuntu.com/ubuntu bionic/main amd64 libpcsclite1 amd64 1.8.23-1 [21.3 kB]
18% [21 libpcsclite1 16.6 kB/21.3 kB 78%]                                         19% [Working]             Get:22 http://us.archive.ubuntu.com/ubuntu bionic-updates/main amd64 openjdk-11-jre-headless amd64 11.0.11+9-0ubuntu2~18.04 [37.2 MB]
19% [22 openjdk-11-jre-headless 23.9 kB/37.2 MB 0%]21% [22 openjdk-11-jre-headless 1,805 kB/37.2 MB 5%]25% [22 openjdk-11-jre-headless 5,167 kB/37.2 MB 14%]29% [22 openjdk-11-jre-headless 8,506 kB/37.2 MB 23%]                                                     34% [22 openjdk-11-jre-headless 12.1 MB/37.2 MB 33%]39% [22 openjdk-11-jre-headless 15.9 MB/37.2 MB 43%]43% [22 openjdk-11-jre-headless 18.9 MB/37.2 MB 51%]48% [22 openjdk-11-jre-headless 22.7 MB/37.2 MB 61%]              5,145 kB/s 5s53% [22 openjdk-11-jre-headless 26.7 MB/37.2 MB 72%]              5,145 kB/s 4s57% [22 openjdk-11-jre-headless 30.4 MB/37.2 MB 82%]              5,145 kB/s 4s61% [22 openjdk-11-jre-headless 33.3 MB/37.2 MB 90%]              5,145 kB/s 3s65% [22 openjdk-11-jre-headless 36.1 MB/37.2 MB 97%]              5,145 kB/s 3s66% [Waiting for headers]                                         5,145 kB/s 2s                                                                               Get:23 http://us.archive.ubuntu.com/ubuntu bionic-updates/main amd64 default-jre-headless amd64 2:1.11-68ubuntu1~18.04.1 [10.9 kB]
67% [Working]                                                     5,145 kB/s 2s                                                                               Get:24 http://us.archive.ubuntu.com/ubuntu bionic-updates/main amd64 ca-certificates-java all 20180516ubuntu1~18.04.1 [12.2 kB]
                                                                               Get:25 http://us.archive.ubuntu.com/ubuntu bionic/main amd64 libroken18-heimdal amd64 7.5.0+dfsg-1 [41.3 kB]
67% [25 libroken18-heimdal 41.3 kB/41.3 kB 100%]                  5,145 kB/s 2s                                                                               Get:26 http://us.archive.ubuntu.com/ubuntu bionic/main amd64 libasn1-8-heimdal amd64 7.5.0+dfsg-1 [175 kB]
67% [26 libasn1-8-heimdal 112 kB/175 kB 64%]                      5,145 kB/s 2s68% [Working]                                                     5,145 kB/s 2s                                                                               Get:27 http://us.archive.ubuntu.com/ubuntu bionic/main amd64 libheimbase1-heimdal amd64 7.5.0+dfsg-1 [29.3 kB]
68% [27 libheimbase1-heimdal 29.3 kB/29.3 kB 100%]                5,145 kB/s 2s                                                                               Get:28 http://us.archive.ubuntu.com/ubuntu bionic/main amd64 libhcrypto4-heimdal amd64 7.5.0+dfsg-1 [85.9 kB]
68% [28 libhcrypto4-heimdal 44.8 kB/85.9 kB 52%]                  5,145 kB/s 2s68% [Working]                                                     5,145 kB/s 2s                                                                               Get:29 http://us.archive.ubuntu.com/ubuntu bionic/main amd64 libwind0-heimdal amd64 7.5.0+dfsg-1 [47.8 kB]
68% [29 libwind0-heimdal 22.3 kB/47.8 kB 47%]                     5,145 kB/s 2s69% [Working]                                                     5,145 kB/s 2s                                                                               Get:30 http://us.archive.ubuntu.com/ubuntu bionic/main amd64 libhx509-5-heimdal amd64 7.5.0+dfsg-1 [107 kB]
69% [30 libhx509-5-heimdal 39.4 kB/107 kB 37%]                    5,145 kB/s 2s69% [Working]                                                     5,145 kB/s 2s                                                                               Get:31 http://us.archive.ubuntu.com/ubuntu bionic/main amd64 libkrb5-26-heimdal amd64 7.5.0+dfsg-1 [206 kB]
69% [31 libkrb5-26-heimdal 21.0 kB/206 kB 10%]                    5,145 kB/s 2s69% [Waiting for headers]                                         5,145 kB/s 2s                                                                               Get:32 http://us.archive.ubuntu.com/ubuntu bionic/main amd64 libheimntlm0-heimdal amd64 7.5.0+dfsg-1 [14.8 kB]
                                                                               Get:33 http://us.archive.ubuntu.com/ubuntu bionic/main amd64 libgssapi3-heimdal amd64 7.5.0+dfsg-1 [96.5 kB]
70% [33 libgssapi3-heimdal 24.6 kB/96.5 kB 25%]                   5,145 kB/s 2s70% [Working]                                                     5,145 kB/s 2s                                                                               Get:34 http://us.archive.ubuntu.com/ubuntu bionic-updates/main amd64 libsasl2-modules-db amd64 2.1.27~101-g0780600+dfsg-3ubuntu2.3 [15.0 kB]
70% [34 libsasl2-modules-db 3,096 B/15.0 kB 21%]                  5,145 kB/s 2s70% [Waiting for headers]                                         5,145 kB/s 2s                                                                               Get:35 http://us.archive.ubuntu.com/ubuntu bionic-updates/main amd64 libsasl2-2 amd64 2.1.27~101-g0780600+dfsg-3ubuntu2.3 [49.2 kB]
70% [35 libsasl2-2 49.2 kB/49.2 kB 100%]                          5,145 kB/s 2s                                                                               Get:36 http://us.archive.ubuntu.com/ubuntu bionic-updates/main amd64 libldap-common all 2.4.45+dfsg-1ubuntu1.10 [15.8 kB]
                                                                               Get:37 http://us.archive.ubuntu.com/ubuntu bionic-updates/main amd64 libldap-2.4-2 amd64 2.4.45+dfsg-1ubuntu1.10 [154 kB]
71% [37 libldap-2.4-2 154 kB/154 kB 100%]                         5,145 kB/s 2s                                                                               Get:38 http://us.archive.ubuntu.com/ubuntu bionic/main amd64 libnghttp2-14 amd64 1.30.0-1ubuntu1 [77.8 kB]
72% [38 libnghttp2-14 77.8 kB/77.8 kB 100%]                       5,145 kB/s 2s                                                                               Get:39 http://us.archive.ubuntu.com/ubuntu bionic/main amd64 librtmp1 amd64 2.4+20151223.gitfa8646d.1-1 [54.2 kB]
72% [39 librtmp1 54.2 kB/54.2 kB 100%]                            5,145 kB/s 2s                                                                               Get:40 http://us.archive.ubuntu.com/ubuntu bionic-updates/main amd64 libcurl3-gnutls amd64 7.58.0-2ubuntu3.16 [218 kB]
72% [40 libcurl3-gnutls 109 kB/218 kB 50%]                        5,145 kB/s 2s73% [Working]                                                     5,145 kB/s 2s                                                                               Get:41 http://us.archive.ubuntu.com/ubuntu bionic/main amd64 liberror-perl all 0.17025-1 [22.8 kB]
                                                                               Get:42 http://us.archive.ubuntu.com/ubuntu bionic-updates/main amd64 git-man all 1:2.17.1-1ubuntu0.9 [803 kB]
73% [42 git-man 113 kB/803 kB 14%]                                5,145 kB/s 2s74% [Waiting for headers]                                         5,145 kB/s 2s                                                                               Get:43 http://us.archive.ubuntu.com/ubuntu bionic-updates/main amd64 git amd64 1:2.17.1-1ubuntu0.9 [3,923 kB]
74% [43 git 59.1 kB/3,923 kB 2%]                                  5,145 kB/s 2s79% [43 git 3,744 kB/3,923 kB 95%]                                5,145 kB/s 1s79% [Waiting for headers]                                         5,145 kB/s 1s                                                                               Get:44 http://us.archive.ubuntu.com/ubuntu bionic/universe amd64 libapache-pom-java all 18-1 [4,720 B]
80% [Waiting for headers]                                         5,145 kB/s 1s                                                                               Get:45 http://us.archive.ubuntu.com/ubuntu bionic/universe amd64 libatinject-jsr330-api-java all 1.0+ds1-5 [5,348 B]
                                                                               Get:46 http://us.archive.ubuntu.com/ubuntu bionic/universe amd64 libgeronimo-interceptor-3.0-spec-java all 1.0.1-4fakesync [8,616 B]
                                                                               Get:47 http://us.archive.ubuntu.com/ubuntu bionic/universe amd64 libcdi-api-java all 1.2-2 [54.5 kB]
80% [47 libcdi-api-java 37.1 kB/54.5 kB 68%]                      5,145 kB/s 1s81% [Working]                                                     5,145 kB/s 1s                                                                               Get:48 http://us.archive.ubuntu.com/ubuntu bionic/universe amd64 libcommons-cli-java all 1.4-1 [53.8 kB]
81% [48 libcommons-cli-java 35.9 kB/53.8 kB 67%]                  5,145 kB/s 1s81% [Working]                                                     5,145 kB/s 1s                                                                               Get:49 http://us.archive.ubuntu.com/ubuntu bionic/universe amd64 libcommons-parent-java all 43-1 [10.8 kB]
                                                                               Get:50 http://us.archive.ubuntu.com/ubuntu bionic-updates/universe amd64 libcommons-io-java all 2.6-2ubuntu0.18.04.1 [198 kB]
81% [50 libcommons-io-java 18.5 kB/198 kB 9%]                     5,145 kB/s 1s82% [Waiting for headers]                                         5,145 kB/s 1s                                                                               Get:51 http://us.archive.ubuntu.com/ubuntu bionic-updates/universe amd64 libcommons-lang3-java all 3.8-1~18.04.2 [479 kB]
82% [51 libcommons-lang3-java 16.0 kB/479 kB 3%]                  5,145 kB/s 1s83% [Waiting for headers]                                         5,145 kB/s 1s                                                                               Get:52 http://us.archive.ubuntu.com/ubuntu bionic/universe amd64 libgeronimo-annotation-1.3-spec-java all 1.0-1 [10.7 kB]
                                                                               Get:53 http://us.archive.ubuntu.com/ubuntu bionic/universe amd64 libjsr305-java all 0.1~+svn49-10 [26.5 kB]
83% [53 libjsr305-java 13.9 kB/26.5 kB 52%]                       5,145 kB/s 1s83% [Working]                                                     5,145 kB/s 1s                                                                               Get:54 http://us.archive.ubuntu.com/ubuntu bionic/universe amd64 libguava-java all 19.0-1 [2,028 kB]
83% [54 libguava-java 30.5 kB/2,028 kB 2%]                        5,145 kB/s 1s86% [Waiting for headers]                                         5,145 kB/s 1s                                                                               Get:55 http://us.archive.ubuntu.com/ubuntu bionic/universe amd64 libaopalliance-java all 20070526-6 [9,084 B]
86% [55 libaopalliance-java 9,084 B/9,084 B 100%]                 5,145 kB/s 1s                                                                               Get:56 http://us.archive.ubuntu.com/ubuntu bionic/universe amd64 libguice-java all 4.0-4 [853 kB]
86% [56 libguice-java 11.7 kB/853 kB 1%]                          5,145 kB/s 1s88% [Waiting for headers]                                         5,145 kB/s 1s                                                                               Get:57 http://us.archive.ubuntu.com/ubuntu bionic/universe amd64 libhawtjni-runtime-java all 1.15-2 [27.1 kB]
88% [57 libhawtjni-runtime-java 27.1 kB/27.1 kB 100%]             5,145 kB/s 1s88% [Waiting for headers]                                         5,145 kB/s 1s                                                                               Get:58 http://us.archive.ubuntu.com/ubuntu bionic/universe amd64 libjansi-native-java all 1.7-1 [19.4 kB]
88% [58 libjansi-native-java 19.4 kB/19.4 kB 100%]                5,145 kB/s 1s                                                                               Get:59 http://us.archive.ubuntu.com/ubuntu bionic/universe amd64 libjansi-java all 1.16-1 [36.2 kB]
88% [59 libjansi-java 36.2 kB/36.2 kB 100%]                       5,145 kB/s 1s88% [Waiting for headers]                                         5,145 kB/s 1s                                                                               Get:60 http://us.archive.ubuntu.com/ubuntu bionic-updates/universe amd64 libmaven-parent-java all 31-2~18.04 [5,196 B]
88% [60 libmaven-parent-java 5,196 B/5,196 B 100%]                5,145 kB/s 1s89% [Working]                                                     5,145 kB/s 1s                                                                               Get:61 http://us.archive.ubuntu.com/ubuntu bionic/universe amd64 libplexus-utils2-java all 3.0.24-3 [246 kB]
89% [61 libplexus-utils2-java 90.9 kB/246 kB 37%]                 5,145 kB/s 1s89% [Waiting for headers]                                         5,145 kB/s 0s                                                                               Get:62 http://us.archive.ubuntu.com/ubuntu bionic/universe amd64 libwagon-provider-api-java all 3.0.0-2 [48.2 kB]
89% [62 libwagon-provider-api-java 19.9 kB/48.2 kB 41%]           5,145 kB/s 0s90% [Working]                                                     5,145 kB/s 0s                                                                               Get:63 http://us.archive.ubuntu.com/ubuntu bionic-updates/universe amd64 libmaven-resolver-java all 1.3.1-1~18.04 [549 kB]
90% [63 libmaven-resolver-java 7,642 B/549 kB 1%]                 5,145 kB/s 0s91% [Waiting for headers]                                         5,145 kB/s 0s                                                                               Get:64 http://us.archive.ubuntu.com/ubuntu bionic-updates/universe amd64 libmaven-shared-utils-java all 3.3.0-1~18.04 [149 kB]
91% [64 libmaven-shared-utils-java 17.3 kB/149 kB 12%]            5,145 kB/s 0s91% [Waiting for headers]                                         5,145 kB/s 0s                                                                               Get:65 http://us.archive.ubuntu.com/ubuntu bionic/universe amd64 libplexus-cipher-java all 1.7-3 [15.1 kB]
91% [65 libplexus-cipher-java 15.1 kB/15.1 kB 100%]               5,145 kB/s 0s                                                                               Get:66 http://us.archive.ubuntu.com/ubuntu bionic/universe amd64 libplexus-classworlds-java all 2.5.2-2 [49.3 kB]
91% [66 libplexus-classworlds-java 26.5 kB/49.3 kB 54%]           5,145 kB/s 0s92% [Working]                                                     5,145 kB/s 0s                                                                               Get:67 http://us.archive.ubuntu.com/ubuntu bionic/universe amd64 libplexus-component-annotations-java all 1.7.1-7 [6,596 B]
                                                                               92% [67 libplexus-component-annotations-java 6,596 B/6,596 B 100%]                                                                  Get:68 http://us.archive.ubuntu.com/ubuntu bionic/universe amd64 libplexus-interpolation-java all 1.24-1 [73.4 kB]
92% [68 libplexus-interpolation-java 22.2 kB/73.4 kB 30%]         5,145 kB/s 0s92% [Waiting for headers]                                         5,145 kB/s 0s                                                                               Get:69 http://us.archive.ubuntu.com/ubuntu bionic/universe amd64 libplexus-sec-dispatcher-java all 1.4-3 [28.0 kB]
92% [69 libplexus-sec-dispatcher-java 28.0 kB/28.0 kB 100%]       5,145 kB/s 0s                                                                               Get:70 http://us.archive.ubuntu.com/ubuntu bionic/universe amd64 libslf4j-java all 1.7.25-3 [141 kB]
93% [70 libslf4j-java 8,573 B/141 kB 6%]                          5,145 kB/s 0s93% [Working]                                                     5,145 kB/s 0s                                                                               Get:71 http://us.archive.ubuntu.com/ubuntu bionic/universe amd64 libsisu-inject-java all 0.3.2-2 [346 kB]
93% [71 libsisu-inject-java 53.8 kB/346 kB 16%]                   5,145 kB/s 0s94% [Waiting for headers]                                         5,145 kB/s 0s                                                                               Get:72 http://us.archive.ubuntu.com/ubuntu bionic/universe amd64 libsisu-plexus-java all 0.3.3-3 [182 kB]
94% [72 libsisu-plexus-java 23.0 kB/182 kB 13%]                   5,145 kB/s 0s94% [Waiting for headers]                                         5,145 kB/s 0s                                                                               Get:73 http://us.archive.ubuntu.com/ubuntu bionic-updates/universe amd64 libmaven3-core-java all 3.6.0-1~18.04.1 [1,465 kB]
94% [73 libmaven3-core-java 16.0 kB/1,465 kB 1%]                  5,145 kB/s 0s96% [Waiting for headers]                                         5,145 kB/s 0s                                                                               Get:74 http://us.archive.ubuntu.com/ubuntu bionic-updates/main amd64 libsasl2-modules amd64 2.1.27~101-g0780600+dfsg-3ubuntu2.3 [48.9 kB]
96% [74 libsasl2-modules 32.1 kB/48.9 kB 66%]                     5,145 kB/s 0s97% [Working]                                                     5,145 kB/s 0s                                                                               Get:75 http://us.archive.ubuntu.com/ubuntu bionic/universe amd64 libwagon-file-java all 3.0.0-2 [7,960 B]
97% [75 libwagon-file-java 7,960 B/7,960 B 100%]                  5,145 kB/s 0s                                                                               Get:76 http://us.archive.ubuntu.com/ubuntu bionic/universe amd64 libwagon-http-shaded-java all 3.0.0-2 [1,757 kB]
97% [76 libwagon-http-shaded-java 191 kB/1,757 kB 11%]            5,145 kB/s 0s99% [Waiting for headers]                                         5,145 kB/s 0s                                                                               Get:77 http://us.archive.ubuntu.com/ubuntu bionic-updates/universe amd64 maven all 3.6.0-1~18.04.1 [22.4 kB]
99% [77 maven 16.1 kB/22.4 kB 72%]                                5,145 kB/s 0s100% [Waiting for headers]                                        5,145 kB/s 0s                                                                               Get:78 http://us.archive.ubuntu.com/ubuntu bionic-updates/main amd64 patch amd64 2.7.6-2ubuntu1.1 [102 kB]
100% [78 patch 36.6 kB/102 kB 36%]                                5,145 kB/s 0s100% [Working]                                                    5,145 kB/s 0s                                                                               Fetched 62.8 MB in 11s (5,566 kB/s)
Extracting templates from packages: 38%Extracting templates from packages: 76%Extracting templates from packages: 100%
(Reading database ... (Reading database ... 5%(Reading database ... 10%(Reading database ... 15%(Reading database ... 20%(Reading database ... 25%(Reading database ... 30%(Reading database ... 35%(Reading database ... 40%(Reading database ... 45%(Reading database ... 50%(Reading database ... 55%(Reading database ... 60%(Reading database ... 65%(Reading database ... 70%(Reading database ... 75%(Reading database ... 80%(Reading database ... 85%(Reading database ... 90%(Reading database ... 95%(Reading database ... 100%(Reading database ... 59596 files and directories currently installed.)
Preparing to unpack .../perl-base_5.26.1-6ubuntu0.5_amd64.deb ...
Unpacking perl-base (5.26.1-6ubuntu0.5) over (5.26.1-6) ...
Setting up perl-base (5.26.1-6ubuntu0.5) ...
Selecting previously unselected package libjpeg-turbo8:amd64.
(Reading database ... (Reading database ... 5%(Reading database ... 10%(Reading database ... 15%(Reading database ... 20%(Reading database ... 25%(Reading database ... 30%(Reading database ... 35%(Reading database ... 40%(Reading database ... 45%(Reading database ... 50%(Reading database ... 55%(Reading database ... 60%(Reading database ... 65%(Reading database ... 70%(Reading database ... 75%(Reading database ... 80%(Reading database ... 85%(Reading database ... 90%(Reading database ... 95%(Reading database ... 100%(Reading database ... 59596 files and directories currently installed.)
Preparing to unpack .../00-libjpeg-turbo8_1.5.2-0ubuntu5.18.04.4_amd64.deb ...
Unpacking libjpeg-turbo8:amd64 (1.5.2-0ubuntu5.18.04.4) ...
Selecting previously unselected package perl-modules-5.26.
Preparing to unpack .../01-perl-modules-5.26_5.26.1-6ubuntu0.5_all.deb ...
Unpacking perl-modules-5.26 (5.26.1-6ubuntu0.5) ...
Selecting previously unselected package libgdbm-compat4:amd64.
Preparing to unpack .../02-libgdbm-compat4_1.14.1-6_amd64.deb ...
Unpacking libgdbm-compat4:amd64 (1.14.1-6) ...
Selecting previously unselected package libperl5.26:amd64.
Preparing to unpack .../03-libperl5.26_5.26.1-6ubuntu0.5_amd64.deb ...
Unpacking libperl5.26:amd64 (5.26.1-6ubuntu0.5) ...
Selecting previously unselected package perl.
Preparing to unpack .../04-perl_5.26.1-6ubuntu0.5_amd64.deb ...
Unpacking perl (5.26.1-6ubuntu0.5) ...
Selecting previously unselected package java-common.
Preparing to unpack .../05-java-common_0.68ubuntu1~18.04.1_all.deb ...
Unpacking java-common (0.68ubuntu1~18.04.1) ...
Selecting previously unselected package libavahi-common-data:amd64.
Preparing to unpack .../06-libavahi-common-data_0.7-3.1ubuntu1.3_amd64.deb ...
Unpacking libavahi-common-data:amd64 (0.7-3.1ubuntu1.3) ...
Selecting previously unselected package libavahi-common3:amd64.
Preparing to unpack .../07-libavahi-common3_0.7-3.1ubuntu1.3_amd64.deb ...
Unpacking libavahi-common3:amd64 (0.7-3.1ubuntu1.3) ...
Selecting previously unselected package libavahi-client3:amd64.
Preparing to unpack .../08-libavahi-client3_0.7-3.1ubuntu1.3_amd64.deb ...
Unpacking libavahi-client3:amd64 (0.7-3.1ubuntu1.3) ...
Selecting previously unselected package libcups2:amd64.
Preparing to unpack .../09-libcups2_2.2.7-1ubuntu2.8_amd64.deb ...
Unpacking libcups2:amd64 (2.2.7-1ubuntu2.8) ...
Selecting previously unselected package liblcms2-2:amd64.
Preparing to unpack .../10-liblcms2-2_2.9-1ubuntu0.1_amd64.deb ...
Unpacking liblcms2-2:amd64 (2.9-1ubuntu0.1) ...
Selecting previously unselected package libjpeg8:amd64.
Preparing to unpack .../11-libjpeg8_8c-2ubuntu8_amd64.deb ...
Unpacking libjpeg8:amd64 (8c-2ubuntu8) ...
Selecting previously unselected package fonts-dejavu-core.
Preparing to unpack .../12-fonts-dejavu-core_2.37-1_all.deb ...
Unpacking fonts-dejavu-core (2.37-1) ...
Selecting previously unselected package fontconfig-config.
Preparing to unpack .../13-fontconfig-config_2.12.6-0ubuntu2_all.deb ...
Unpacking fontconfig-config (2.12.6-0ubuntu2) ...
Selecting previously unselected package libfontconfig1:amd64.
Preparing to unpack .../14-libfontconfig1_2.12.6-0ubuntu2_amd64.deb ...
Unpacking libfontconfig1:amd64 (2.12.6-0ubuntu2) ...
Selecting previously unselected package libasound2-data.
Preparing to unpack .../15-libasound2-data_1.1.3-5ubuntu0.6_all.deb ...
Unpacking libasound2-data (1.1.3-5ubuntu0.6) ...
Selecting previously unselected package libasound2:amd64.
Preparing to unpack .../16-libasound2_1.1.3-5ubuntu0.6_amd64.deb ...
Unpacking libasound2:amd64 (1.1.3-5ubuntu0.6) ...
Selecting previously unselected package libgraphite2-3:amd64.
Preparing to unpack .../17-libgraphite2-3_1.3.11-2_amd64.deb ...
Unpacking libgraphite2-3:amd64 (1.3.11-2) ...
Selecting previously unselected package libharfbuzz0b:amd64.
Preparing to unpack .../18-libharfbuzz0b_1.7.2-1ubuntu1_amd64.deb ...
Unpacking libharfbuzz0b:amd64 (1.7.2-1ubuntu1) ...
Selecting previously unselected package libpcsclite1:amd64.
Preparing to unpack .../19-libpcsclite1_1.8.23-1_amd64.deb ...
Unpacking libpcsclite1:amd64 (1.8.23-1) ...
Selecting previously unselected package openjdk-11-jre-headless:amd64.
Preparing to unpack .../20-openjdk-11-jre-headless_11.0.11+9-0ubuntu2~18.04_amd64.deb ...
Unpacking openjdk-11-jre-headless:amd64 (11.0.11+9-0ubuntu2~18.04) ...
Selecting previously unselected package default-jre-headless.
Preparing to unpack .../21-default-jre-headless_2%3a1.11-68ubuntu1~18.04.1_amd64.deb ...
Unpacking default-jre-headless (2:1.11-68ubuntu1~18.04.1) ...
Selecting previously unselected package ca-certificates-java.
Preparing to unpack .../22-ca-certificates-java_20180516ubuntu1~18.04.1_all.deb ...
Unpacking ca-certificates-java (20180516ubuntu1~18.04.1) ...
Selecting previously unselected package libroken18-heimdal:amd64.
Preparing to unpack .../23-libroken18-heimdal_7.5.0+dfsg-1_amd64.deb ...
Unpacking libroken18-heimdal:amd64 (7.5.0+dfsg-1) ...
Selecting previously unselected package libasn1-8-heimdal:amd64.
Preparing to unpack .../24-libasn1-8-heimdal_7.5.0+dfsg-1_amd64.deb ...
Unpacking libasn1-8-heimdal:amd64 (7.5.0+dfsg-1) ...
Selecting previously unselected package libheimbase1-heimdal:amd64.
Preparing to unpack .../25-libheimbase1-heimdal_7.5.0+dfsg-1_amd64.deb ...
Unpacking libheimbase1-heimdal:amd64 (7.5.0+dfsg-1) ...
Selecting previously unselected package libhcrypto4-heimdal:amd64.
Preparing to unpack .../26-libhcrypto4-heimdal_7.5.0+dfsg-1_amd64.deb ...
Unpacking libhcrypto4-heimdal:amd64 (7.5.0+dfsg-1) ...
Selecting previously unselected package libwind0-heimdal:amd64.
Preparing to unpack .../27-libwind0-heimdal_7.5.0+dfsg-1_amd64.deb ...
Unpacking libwind0-heimdal:amd64 (7.5.0+dfsg-1) ...
Selecting previously unselected package libhx509-5-heimdal:amd64.
Preparing to unpack .../28-libhx509-5-heimdal_7.5.0+dfsg-1_amd64.deb ...
Unpacking libhx509-5-heimdal:amd64 (7.5.0+dfsg-1) ...
Selecting previously unselected package libkrb5-26-heimdal:amd64.
Preparing to unpack .../29-libkrb5-26-heimdal_7.5.0+dfsg-1_amd64.deb ...
Unpacking libkrb5-26-heimdal:amd64 (7.5.0+dfsg-1) ...
Selecting previously unselected package libheimntlm0-heimdal:amd64.
Preparing to unpack .../30-libheimntlm0-heimdal_7.5.0+dfsg-1_amd64.deb ...
Unpacking libheimntlm0-heimdal:amd64 (7.5.0+dfsg-1) ...
Selecting previously unselected package libgssapi3-heimdal:amd64.
Preparing to unpack .../31-libgssapi3-heimdal_7.5.0+dfsg-1_amd64.deb ...
Unpacking libgssapi3-heimdal:amd64 (7.5.0+dfsg-1) ...
Selecting previously unselected package libsasl2-modules-db:amd64.
Preparing to unpack .../32-libsasl2-modules-db_2.1.27~101-g0780600+dfsg-3ubuntu2.3_amd64.deb ...
Unpacking libsasl2-modules-db:amd64 (2.1.27~101-g0780600+dfsg-3ubuntu2.3) ...
Selecting previously unselected package libsasl2-2:amd64.
Preparing to unpack .../33-libsasl2-2_2.1.27~101-g0780600+dfsg-3ubuntu2.3_amd64.deb ...
Unpacking libsasl2-2:amd64 (2.1.27~101-g0780600+dfsg-3ubuntu2.3) ...
Selecting previously unselected package libldap-common.
Preparing to unpack .../34-libldap-common_2.4.45+dfsg-1ubuntu1.10_all.deb ...
Unpacking libldap-common (2.4.45+dfsg-1ubuntu1.10) ...
Selecting previously unselected package libldap-2.4-2:amd64.
Preparing to unpack .../35-libldap-2.4-2_2.4.45+dfsg-1ubuntu1.10_amd64.deb ...
Unpacking libldap-2.4-2:amd64 (2.4.45+dfsg-1ubuntu1.10) ...
Selecting previously unselected package libnghttp2-14:amd64.
Preparing to unpack .../36-libnghttp2-14_1.30.0-1ubuntu1_amd64.deb ...
Unpacking libnghttp2-14:amd64 (1.30.0-1ubuntu1) ...
Selecting previously unselected package librtmp1:amd64.
Preparing to unpack .../37-librtmp1_2.4+20151223.gitfa8646d.1-1_amd64.deb ...
Unpacking librtmp1:amd64 (2.4+20151223.gitfa8646d.1-1) ...
Selecting previously unselected package libcurl3-gnutls:amd64.
Preparing to unpack .../38-libcurl3-gnutls_7.58.0-2ubuntu3.16_amd64.deb ...
Unpacking libcurl3-gnutls:amd64 (7.58.0-2ubuntu3.16) ...
Selecting previously unselected package liberror-perl.
Preparing to unpack .../39-liberror-perl_0.17025-1_all.deb ...
Unpacking liberror-perl (0.17025-1) ...
Selecting previously unselected package git-man.
Preparing to unpack .../40-git-man_1%3a2.17.1-1ubuntu0.9_all.deb ...
Unpacking git-man (1:2.17.1-1ubuntu0.9) ...
Selecting previously unselected package git.
Preparing to unpack .../41-git_1%3a2.17.1-1ubuntu0.9_amd64.deb ...
Unpacking git (1:2.17.1-1ubuntu0.9) ...
Selecting previously unselected package libapache-pom-java.
Preparing to unpack .../42-libapache-pom-java_18-1_all.deb ...
Unpacking libapache-pom-java (18-1) ...
Selecting previously unselected package libatinject-jsr330-api-java.
Preparing to unpack .../43-libatinject-jsr330-api-java_1.0+ds1-5_all.deb ...
Unpacking libatinject-jsr330-api-java (1.0+ds1-5) ...
Selecting previously unselected package libgeronimo-interceptor-3.0-spec-java.
Preparing to unpack .../44-libgeronimo-interceptor-3.0-spec-java_1.0.1-4fakesync_all.deb ...
Unpacking libgeronimo-interceptor-3.0-spec-java (1.0.1-4fakesync) ...
Selecting previously unselected package libcdi-api-java.
Preparing to unpack .../45-libcdi-api-java_1.2-2_all.deb ...
Unpacking libcdi-api-java (1.2-2) ...
Selecting previously unselected package libcommons-cli-java.
Preparing to unpack .../46-libcommons-cli-java_1.4-1_all.deb ...
Unpacking libcommons-cli-java (1.4-1) ...
Selecting previously unselected package libcommons-parent-java.
Preparing to unpack .../47-libcommons-parent-java_43-1_all.deb ...
Unpacking libcommons-parent-java (43-1) ...
Selecting previously unselected package libcommons-io-java.
Preparing to unpack .../48-libcommons-io-java_2.6-2ubuntu0.18.04.1_all.deb ...
Unpacking libcommons-io-java (2.6-2ubuntu0.18.04.1) ...
Selecting previously unselected package libcommons-lang3-java.
Preparing to unpack .../49-libcommons-lang3-java_3.8-1~18.04.2_all.deb ...
Unpacking libcommons-lang3-java (3.8-1~18.04.2) ...
Selecting previously unselected package libgeronimo-annotation-1.3-spec-java.
Preparing to unpack .../50-libgeronimo-annotation-1.3-spec-java_1.0-1_all.deb ...
Unpacking libgeronimo-annotation-1.3-spec-java (1.0-1) ...
Selecting previously unselected package libjsr305-java.
Preparing to unpack .../51-libjsr305-java_0.1~+svn49-10_all.deb ...
Unpacking libjsr305-java (0.1~+svn49-10) ...
Selecting previously unselected package libguava-java.
Preparing to unpack .../52-libguava-java_19.0-1_all.deb ...
Unpacking libguava-java (19.0-1) ...
Selecting previously unselected package libaopalliance-java.
Preparing to unpack .../53-libaopalliance-java_20070526-6_all.deb ...
Unpacking libaopalliance-java (20070526-6) ...
Selecting previously unselected package libguice-java.
Preparing to unpack .../54-libguice-java_4.0-4_all.deb ...
Unpacking libguice-java (4.0-4) ...
Selecting previously unselected package libhawtjni-runtime-java.
Preparing to unpack .../55-libhawtjni-runtime-java_1.15-2_all.deb ...
Unpacking libhawtjni-runtime-java (1.15-2) ...
Selecting previously unselected package libjansi-native-java.
Preparing to unpack .../56-libjansi-native-java_1.7-1_all.deb ...
Unpacking libjansi-native-java (1.7-1) ...
Selecting previously unselected package libjansi-java.
Preparing to unpack .../57-libjansi-java_1.16-1_all.deb ...
Unpacking libjansi-java (1.16-1) ...
Selecting previously unselected package libmaven-parent-java.
Preparing to unpack .../58-libmaven-parent-java_31-2~18.04_all.deb ...
Unpacking libmaven-parent-java (31-2~18.04) ...
Selecting previously unselected package libplexus-utils2-java.
Preparing to unpack .../59-libplexus-utils2-java_3.0.24-3_all.deb ...
Unpacking libplexus-utils2-java (3.0.24-3) ...
Selecting previously unselected package libwagon-provider-api-java.
Preparing to unpack .../60-libwagon-provider-api-java_3.0.0-2_all.deb ...
Unpacking libwagon-provider-api-java (3.0.0-2) ...
Selecting previously unselected package libmaven-resolver-java.
Preparing to unpack .../61-libmaven-resolver-java_1.3.1-1~18.04_all.deb ...
Unpacking libmaven-resolver-java (1.3.1-1~18.04) ...
Selecting previously unselected package libmaven-shared-utils-java.
Preparing to unpack .../62-libmaven-shared-utils-java_3.3.0-1~18.04_all.deb ...
Unpacking libmaven-shared-utils-java (3.3.0-1~18.04) ...
Selecting previously unselected package libplexus-cipher-java.
Preparing to unpack .../63-libplexus-cipher-java_1.7-3_all.deb ...
Unpacking libplexus-cipher-java (1.7-3) ...
Selecting previously unselected package libplexus-classworlds-java.
Preparing to unpack .../64-libplexus-classworlds-java_2.5.2-2_all.deb ...
Unpacking libplexus-classworlds-java (2.5.2-2) ...
Selecting previously unselected package libplexus-component-annotations-java.
Preparing to unpack .../65-libplexus-component-annotations-java_1.7.1-7_all.deb ...
Unpacking libplexus-component-annotations-java (1.7.1-7) ...
Selecting previously unselected package libplexus-interpolation-java.
Preparing to unpack .../66-libplexus-interpolation-java_1.24-1_all.deb ...
Unpacking libplexus-interpolation-java (1.24-1) ...
Selecting previously unselected package libplexus-sec-dispatcher-java.
Preparing to unpack .../67-libplexus-sec-dispatcher-java_1.4-3_all.deb ...
Unpacking libplexus-sec-dispatcher-java (1.4-3) ...
Selecting previously unselected package libslf4j-java.
Preparing to unpack .../68-libslf4j-java_1.7.25-3_all.deb ...
Unpacking libslf4j-java (1.7.25-3) ...
Selecting previously unselected package libsisu-inject-java.
Preparing to unpack .../69-libsisu-inject-java_0.3.2-2_all.deb ...
Unpacking libsisu-inject-java (0.3.2-2) ...
Selecting previously unselected package libsisu-plexus-java.
Preparing to unpack .../70-libsisu-plexus-java_0.3.3-3_all.deb ...
Unpacking libsisu-plexus-java (0.3.3-3) ...
Selecting previously unselected package libmaven3-core-java.
Preparing to unpack .../71-libmaven3-core-java_3.6.0-1~18.04.1_all.deb ...
Unpacking libmaven3-core-java (3.6.0-1~18.04.1) ...
Selecting previously unselected package libsasl2-modules:amd64.
Preparing to unpack .../72-libsasl2-modules_2.1.27~101-g0780600+dfsg-3ubuntu2.3_amd64.deb ...
Unpacking libsasl2-modules:amd64 (2.1.27~101-g0780600+dfsg-3ubuntu2.3) ...
Selecting previously unselected package libwagon-file-java.
Preparing to unpack .../73-libwagon-file-java_3.0.0-2_all.deb ...
Unpacking libwagon-file-java (3.0.0-2) ...
Selecting previously unselected package libwagon-http-shaded-java.
Preparing to unpack .../74-libwagon-http-shaded-java_3.0.0-2_all.deb ...
Unpacking libwagon-http-shaded-java (3.0.0-2) ...
Selecting previously unselected package maven.
Preparing to unpack .../75-maven_3.6.0-1~18.04.1_all.deb ...
Unpacking maven (3.6.0-1~18.04.1) ...
Selecting previously unselected package patch.
Preparing to unpack .../76-patch_2.7.6-2ubuntu1.1_amd64.deb ...
Unpacking patch (2.7.6-2ubuntu1.1) ...
Setting up libslf4j-java (1.7.25-3) ...
Setting up libplexus-classworlds-java (2.5.2-2) ...
Setting up git-man (1:2.17.1-1ubuntu0.9) ...
Setting up libhawtjni-runtime-java (1.15-2) ...
Setting up libnghttp2-14:amd64 (1.30.0-1ubuntu1) ...
Setting up liblcms2-2:amd64 (2.9-1ubuntu0.1) ...
Setting up libpcsclite1:amd64 (1.8.23-1) ...
Setting up libldap-common (2.4.45+dfsg-1ubuntu1.10) ...
Setting up fonts-dejavu-core (2.37-1) ...
Setting up libplexus-cipher-java (1.7-3) ...
Setting up libasound2-data (1.1.3-5ubuntu0.6) ...
Setting up libsasl2-modules-db:amd64 (2.1.27~101-g0780600+dfsg-3ubuntu2.3) ...
Setting up java-common (0.68ubuntu1~18.04.1) ...
Setting up libsasl2-2:amd64 (2.1.27~101-g0780600+dfsg-3ubuntu2.3) ...
Setting up libplexus-interpolation-java (1.24-1) ...
Setting up libjpeg-turbo8:amd64 (1.5.2-0ubuntu5.18.04.4) ...
Setting up libroken18-heimdal:amd64 (7.5.0+dfsg-1) ...
Setting up librtmp1:amd64 (2.4+20151223.gitfa8646d.1-1) ...
Setting up perl-modules-5.26 (5.26.1-6ubuntu0.5) ...
Setting up libplexus-component-annotations-java (1.7.1-7) ...
Setting up libplexus-utils2-java (3.0.24-3) ...
Setting up libasound2:amd64 (1.1.3-5ubuntu0.6) ...
Setting up libwagon-provider-api-java (3.0.0-2) ...
Setting up libgraphite2-3:amd64 (1.3.11-2) ...
Setting up libjsr305-java (0.1~+svn49-10) ...
Setting up patch (2.7.6-2ubuntu1.1) ...
Processing triggers for libc-bin (2.27-3ubuntu1) ...
Setting up libgeronimo-interceptor-3.0-spec-java (1.0.1-4fakesync) ...
Setting up libmaven-resolver-java (1.3.1-1~18.04) ...
Setting up libheimbase1-heimdal:amd64 (7.5.0+dfsg-1) ...
Setting up libjansi-native-java (1.7-1) ...
Setting up libwagon-http-shaded-java (3.0.0-2) ...
Setting up libapache-pom-java (18-1) ...
Processing triggers for man-db (2.8.3-2) ...
Setting up libatinject-jsr330-api-java (1.0+ds1-5) ...
Setting up libmaven-parent-java (31-2~18.04) ...
Setting up libgdbm-compat4:amd64 (1.14.1-6) ...
Setting up libsasl2-modules:amd64 (2.1.27~101-g0780600+dfsg-3ubuntu2.3) ...
Processing triggers for ca-certificates (20180409) ...
Updating certificates in /etc/ssl/certs...
0 added, 0 removed; done.
Running hooks in /etc/ca-certificates/update.d...
done.
Setting up libaopalliance-java (20070526-6) ...
Setting up libgeronimo-annotation-1.3-spec-java (1.0-1) ...
Setting up libcommons-cli-java (1.4-1) ...
Setting up libavahi-common-data:amd64 (0.7-3.1ubuntu1.3) ...
Setting up libplexus-sec-dispatcher-java (1.4-3) ...
Setting up libjpeg8:amd64 (8c-2ubuntu8) ...
Setting up fontconfig-config (2.12.6-0ubuntu2) ...
Setting up libwind0-heimdal:amd64 (7.5.0+dfsg-1) ...
Setting up libasn1-8-heimdal:amd64 (7.5.0+dfsg-1) ...
Setting up libjansi-java (1.16-1) ...
Setting up libhcrypto4-heimdal:amd64 (7.5.0+dfsg-1) ...
Setting up libguava-java (19.0-1) ...
Setting up libharfbuzz0b:amd64 (1.7.2-1ubuntu1) ...
Setting up libhx509-5-heimdal:amd64 (7.5.0+dfsg-1) ...
Setting up libwagon-file-java (3.0.0-2) ...
Setting up libcommons-parent-java (43-1) ...
Setting up libcdi-api-java (1.2-2) ...
Setting up libperl5.26:amd64 (5.26.1-6ubuntu0.5) ...
Setting up libcommons-lang3-java (3.8-1~18.04.2) ...
Setting up libavahi-common3:amd64 (0.7-3.1ubuntu1.3) ...
Setting up libkrb5-26-heimdal:amd64 (7.5.0+dfsg-1) ...
Setting up libheimntlm0-heimdal:amd64 (7.5.0+dfsg-1) ...
Setting up libfontconfig1:amd64 (2.12.6-0ubuntu2) ...
Setting up libcommons-io-java (2.6-2ubuntu0.18.04.1) ...
Setting up libguice-java (4.0-4) ...
Setting up libmaven-shared-utils-java (3.3.0-1~18.04) ...
Setting up perl (5.26.1-6ubuntu0.5) ...
Setting up libsisu-inject-java (0.3.2-2) ...
Setting up libavahi-client3:amd64 (0.7-3.1ubuntu1.3) ...
Setting up libgssapi3-heimdal:amd64 (7.5.0+dfsg-1) ...
Setting up libcups2:amd64 (2.2.7-1ubuntu2.8) ...
Setting up liberror-perl (0.17025-1) ...
Setting up libsisu-plexus-java (0.3.3-3) ...
Setting up libldap-2.4-2:amd64 (2.4.45+dfsg-1ubuntu1.10) ...
Setting up libmaven3-core-java (3.6.0-1~18.04.1) ...
Setting up libcurl3-gnutls:amd64 (7.58.0-2ubuntu3.16) ...
Setting up git (1:2.17.1-1ubuntu0.9) ...
Setting up ca-certificates-java (20180516ubuntu1~18.04.1) ...
head: cannot open '/etc/ssl/certs/java/cacerts' for reading: No such file or directory
Adding debian:SecureTrust_CA.pem
Adding debian:XRamp_Global_CA_Root.pem
Adding debian:E-Tugra_Certification_Authority.pem
Adding debian:GeoTrust_Global_CA.pem
Adding debian:Global_Chambersign_Root_-_2008.pem
Adding debian:Certplus_Class_2_Primary_CA.pem
Adding debian:DigiCert_Trusted_Root_G4.pem
Adding debian:Security_Communication_Root_CA.pem
Adding debian:Chambers_of_Commerce_Root_-_2008.pem
Adding debian:AffirmTrust_Networking.pem
Adding debian:SZAFIR_ROOT_CA2.pem
Adding debian:GlobalSign_ECC_Root_CA_-_R4.pem
Adding debian:T-TeleSec_GlobalRoot_Class_2.pem
Adding debian:Staat_der_Nederlanden_Root_CA_-_G3.pem
Adding debian:QuoVadis_Root_CA.pem
Adding debian:Secure_Global_CA.pem
Adding debian:Baltimore_CyberTrust_Root.pem
Adding debian:ISRG_Root_X1.pem
Adding debian:Amazon_Root_CA_4.pem
Adding debian:Network_Solutions_Certificate_Authority.pem
Adding debian:AddTrust_External_Root.pem
Adding debian:Hellenic_Academic_and_Research_Institutions_RootCA_2011.pem
Adding debian:DigiCert_Global_Root_G3.pem
Adding debian:SSL.com_Root_Certification_Authority_ECC.pem
Adding debian:DigiCert_High_Assurance_EV_Root_CA.pem
Adding debian:TeliaSonera_Root_CA_v1.pem
Adding debian:QuoVadis_Root_CA_3_G3.pem
Adding debian:IdenTrust_Commercial_Root_CA_1.pem
Adding debian:TrustCor_RootCert_CA-1.pem
Adding debian:DigiCert_Assured_ID_Root_CA.pem
Adding debian:SwissSign_Silver_CA_-_G2.pem
Adding debian:Microsec_e-Szigno_Root_CA_2009.pem
Adding debian:thawte_Primary_Root_CA_-_G3.pem
Adding debian:Hongkong_Post_Root_CA_1.pem
Adding debian:USERTrust_ECC_Certification_Authority.pem
Adding debian:Certigna.pem
Adding debian:VeriSign_Class_3_Public_Primary_Certification_Authority_-_G4.pem
Adding debian:TrustCor_RootCert_CA-2.pem
Adding debian:GlobalSign_Root_CA.pem
Adding debian:QuoVadis_Root_CA_2.pem
Adding debian:Staat_der_Nederlanden_EV_Root_CA.pem
Adding debian:OpenTrust_Root_CA_G1.pem
Adding debian:SSL.com_Root_Certification_Authority_RSA.pem
Adding debian:AffirmTrust_Commercial.pem
Adding debian:Actalis_Authentication_Root_CA.pem
Adding debian:DigiCert_Global_Root_G2.pem
Adding debian:Entrust_Root_Certification_Authority_-_EC1.pem
Adding debian:DigiCert_Global_Root_CA.pem
Adding debian:Autoridad_de_Certificacion_Firmaprofesional_CIF_A62634068.pem
Adding debian:OpenTrust_Root_CA_G2.pem
Adding debian:Certum_Trusted_Network_CA.pem
Adding debian:Starfield_Services_Root_Certificate_Authority_-_G2.pem
Adding debian:OISTE_WISeKey_Global_Root_GB_CA.pem
Adding debian:VeriSign_Universal_Root_Certification_Authority.pem
Adding debian:Verisign_Class_3_Public_Primary_Certification_Authority_-_G3.pem
Adding debian:GeoTrust_Universal_CA_2.pem
Adding debian:IdenTrust_Public_Sector_Root_CA_1.pem
Adding debian:ACCVRAIZ1.pem
Adding debian:QuoVadis_Root_CA_3.pem
Adding debian:GeoTrust_Primary_Certification_Authority.pem
Adding debian:certSIGN_ROOT_CA.pem
Adding debian:DigiCert_Assured_ID_Root_G2.pem
Adding debian:GeoTrust_Primary_Certification_Authority_-_G2.pem
Adding debian:Atos_TrustedRoot_2011.pem
Adding debian:Amazon_Root_CA_3.pem
Adding debian:CFCA_EV_ROOT.pem
Adding debian:GDCA_TrustAUTH_R5_ROOT.pem
Adding debian:Starfield_Class_2_CA.pem
Adding debian:TrustCor_ECA-1.pem
Adding debian:Amazon_Root_CA_2.pem
Adding debian:Visa_eCommerce_Root.pem
Adding debian:OpenTrust_Root_CA_G3.pem
Adding debian:LuxTrust_Global_Root_2.pem
Adding debian:Certinomis_-_Root_CA.pem
Adding debian:TUBITAK_Kamu_SM_SSL_Kok_Sertifikasi_-_Surum_1.pem
Adding debian:AC_RAIZ_FNMT-RCM.pem
Adding debian:TWCA_Root_Certification_Authority.pem
Adding debian:GlobalSign_ECC_Root_CA_-_R5.pem
Adding debian:QuoVadis_Root_CA_2_G3.pem
Adding debian:Go_Daddy_Root_Certificate_Authority_-_G2.pem
Adding debian:Buypass_Class_3_Root_CA.pem
Adding debian:Sonera_Class_2_Root_CA.pem
Adding debian:SwissSign_Gold_CA_-_G2.pem
Adding debian:Starfield_Root_Certificate_Authority_-_G2.pem
Adding debian:NetLock_Arany_=Class_Gold=_FÅ‘tanÃºsÃ­tvÃ¡ny.pem
Adding debian:SecureSign_RootCA11.pem
Adding debian:Trustis_FPS_Root_CA.pem
Adding debian:COMODO_RSA_Certification_Authority.pem
Adding debian:CA_Disig_Root_R2.pem
Adding debian:Deutsche_Telekom_Root_CA_2.pem
Adding debian:SSL.com_EV_Root_Certification_Authority_ECC.pem
Adding debian:VeriSign_Class_3_Public_Primary_Certification_Authority_-_G5.pem
Adding debian:GeoTrust_Universal_CA.pem
Adding debian:Hellenic_Academic_and_Research_Institutions_RootCA_2015.pem
Adding debian:Amazon_Root_CA_1.pem
Adding debian:AffirmTrust_Premium_ECC.pem
Adding debian:Entrust_Root_Certification_Authority.pem
Adding debian:TÃœRKTRUST_Elektronik_Sertifika_Hizmet_SaÄŸlayÄ±cÄ±sÄ±_H5.pem
Adding debian:COMODO_Certification_Authority.pem
Adding debian:D-TRUST_Root_Class_3_CA_2_2009.pem
Adding debian:T-TeleSec_GlobalRoot_Class_3.pem
Adding debian:DigiCert_Assured_ID_Root_G3.pem
Adding debian:Taiwan_GRCA.pem
Adding debian:GeoTrust_Primary_Certification_Authority_-_G3.pem
Adding debian:D-TRUST_Root_Class_3_CA_2_EV_2009.pem
Adding debian:Comodo_AAA_Services_root.pem
Adding debian:COMODO_ECC_Certification_Authority.pem
Adding debian:Hellenic_Academic_and_Research_Institutions_ECC_RootCA_2015.pem
Adding debian:Go_Daddy_Class_2_CA.pem
Adding debian:Entrust.net_Premium_2048_Secure_Server_CA.pem
Adding debian:Security_Communication_RootCA2.pem
Adding debian:Izenpe.com.pem
Adding debian:Staat_der_Nederlanden_Root_CA_-_G2.pem
Adding debian:EE_Certification_Centre_Root_CA.pem
