No ARP entry for localhost
c[?7l[2J[0mSeaBIOS (version rel-1.12.0-59-gc9ba5276e321-prebuilt.qemu.org)


iPXE (http://ipxe.org) 00:03.0 CA00 PCI2.10 PnP PMM+BFF90860+BFEF0860 CA00
Press Ctrl-B to configure iPXE (PCI 00:03.0)...                                                                               


Booting from Hard Disk...
[H[J[1;1H[    0.000000] Linux version 4.15.0-20-generic (buildd@lgw01-amd64-039) (gcc version 7.3.0 (Ubuntu 7.3.0-16ubuntu3)) #21-Ubuntu SMP Tue Apr 24 06:16:15 UTC 2018 (Ubuntu 4.15.0-20.21-generic 4.15.17)
[    0.000000] Command line: BOOT_IMAGE=/boot/vmlinuz-4.15.0-20-generic root=UUID=8a5c65a8-9852-4c2a-9789-627cb736abe5 ro console=ttyS0
[    0.000000] KERNEL supported cpus:
[    0.000000]   Intel GenuineIntel
[    0.000000]   AMD AuthenticAMD
[    0.000000]   Centaur CentaurHauls
[    0.000000] x86/fpu: x87 FPU will use FXSAVE
[    0.000000] e820: BIOS-provided physical RAM map:
[    0.000000] BIOS-e820: [mem 0x0000000000000000-0x000000000009fbff] usable
[    0.000000] BIOS-e820: [mem 0x000000000009fc00-0x000000000009ffff] reserved
[    0.000000] BIOS-e820: [mem 0x00000000000f0000-0x00000000000fffff] reserved
[    0.000000] BIOS-e820: [mem 0x0000000000100000-0x00000000bffdefff] usable
[    0.000000] BIOS-e820: [mem 0x00000000bffdf000-0x00000000bfffffff] reserved
[    0.000000] BIOS-e820: [mem 0x00000000feffc000-0x00000000feffffff] reserved
[    0.000000] BIOS-e820: [mem 0x00000000fffc0000-0x00000000ffffffff] reserved
[    0.000000] BIOS-e820: [mem 0x0000000100000000-0x000000013fffffff] usable
[    0.000000] NX (Execute Disable) protection: active
[    0.000000] random: fast init done
[    0.000000] SMBIOS 2.8 present.
[    0.000000] DMI: QEMU Standard PC (i440FX + PIIX, 1996), BIOS rel-1.12.0-59-gc9ba5276e321-prebuilt.qemu.org 04/01/2014
[    0.000000] Hypervisor detected: KVM
[    0.000000] e820: last_pfn = 0x140000 max_arch_pfn = 0x400000000
[    0.000000] x86/PAT: PAT not supported by CPU.
[    0.000000] x86/PAT: Configuration [0-7]: WB  WT  UC- UC  WB  WT  UC- UC  
[    0.000000] e820: last_pfn = 0xbffdf max_arch_pfn = 0x400000000
[    0.000000] found SMP MP-table at [mem 0x000f5a60-0x000f5a6f] mapped at [        (ptrval)]
[    0.000000] Scanning 1 areas for low memory corruption
[    0.000000] RAMDISK: [mem 0x320e1000-0x35067fff]
[    0.000000] ACPI: Early table checksum verification disabled
[    0.000000] ACPI: RSDP 0x00000000000F5A20 000014 (v00 BOCHS )
[    0.000000] ACPI: RSDT 0x00000000BFFE13C5 000030 (v01 BOCHS  BXPCRSDT 00000001 BXPC 00000001)
[    0.000000] ACPI: FACP 0x00000000BFFE1289 000074 (v01 BOCHS  BXPCFACP 00000001 BXPC 00000001)
[    0.000000] ACPI: DSDT 0x00000000BFFDFD80 001509 (v01 BOCHS  BXPCDSDT 00000001 BXPC 00000001)
[    0.000000] ACPI: FACS 0x00000000BFFDFD40 000040
[    0.000000] ACPI: APIC 0x00000000BFFE12FD 000090 (v01 BOCHS  BXPCAPIC 00000001 BXPC 00000001)
[    0.000000] ACPI: HPET 0x00000000BFFE138D 000038 (v01 BOCHS  BXPCHPET 00000001 BXPC 00000001)
[    0.000000] No NUMA configuration found
[    0.000000] Faking a node at [mem 0x0000000000000000-0x000000013fffffff]
[    0.000000] NODE_DATA(0) allocated [mem 0x13ffd2000-0x13fffcfff]
[    0.000000] kvm-clock: cpu 0, msr 1:3ff51001, primary cpu clock
[    0.000000] kvm-clock: Using msrs 4b564d01 and 4b564d00
[    0.000000] kvm-clock: using sched offset of 20601395910 cycles
[    0.000000] clocksource: kvm-clock: mask: 0xffffffffffffffff max_cycles: 0x1cd42e4dffb, max_idle_ns: 881590591483 ns
[    0.000000] Zone ranges:
[    0.000000]   DMA      [mem 0x0000000000001000-0x0000000000ffffff]
[    0.000000]   DMA32    [mem 0x0000000001000000-0x00000000ffffffff]
[    0.000000]   Normal   [mem 0x0000000100000000-0x000000013fffffff]
[    0.000000]   Device   empty
[    0.000000] Movable zone start for each node
[    0.000000] Early memory node ranges
[    0.000000]   node   0: [mem 0x0000000000001000-0x000000000009efff]
[    0.000000]   node   0: [mem 0x0000000000100000-0x00000000bffdefff]
[    0.000000]   node   0: [mem 0x0000000100000000-0x000000013fffffff]
[    0.000000] Initmem setup node 0 [mem 0x0000000000001000-0x000000013fffffff]
[    0.000000] Reserved but unavailable: 98 pages
[    0.000000] ACPI: PM-Timer IO Port: 0x608
[    0.000000] ACPI: LAPIC_NMI (acpi_id[0xff] dfl dfl lint[0x1])
[    0.000000] IOAPIC[0]: apic_id 0, version 17, address 0xfec00000, GSI 0-23
[    0.000000] ACPI: INT_SRC_OVR (bus 0 bus_irq 0 global_irq 2 dfl dfl)
[    0.000000] ACPI: INT_SRC_OVR (bus 0 bus_irq 5 global_irq 5 high level)
[    0.000000] ACPI: INT_SRC_OVR (bus 0 bus_irq 9 global_irq 9 high level)
[    0.000000] ACPI: INT_SRC_OVR (bus 0 bus_irq 10 global_irq 10 high level)
[    0.000000] ACPI: INT_SRC_OVR (bus 0 bus_irq 11 global_irq 11 high level)
[    0.000000] Using ACPI (MADT) for SMP configuration information
[    0.000000] ACPI: HPET id: 0x8086a201 base: 0xfed00000
[    0.000000] smpboot: Allowing 4 CPUs, 0 hotplug CPUs
[    0.000000] PM: Registered nosave memory: [mem 0x00000000-0x00000fff]
[    0.000000] PM: Registered nosave memory: [mem 0x0009f000-0x0009ffff]
[    0.000000] PM: Registered nosave memory: [mem 0x000a0000-0x000effff]
[    0.000000] PM: Registered nosave memory: [mem 0x000f0000-0x000fffff]
[    0.000000] PM: Registered nosave memory: [mem 0xbffdf000-0xbfffffff]
[    0.000000] PM: Registered nosave memory: [mem 0xc0000000-0xfeffbfff]
[    0.000000] PM: Registered nosave memory: [mem 0xfeffc000-0xfeffffff]
[    0.000000] PM: Registered nosave memory: [mem 0xff000000-0xfffbffff]
[    0.000000] PM: Registered nosave memory: [mem 0xfffc0000-0xffffffff]
[    0.000000] e820: [mem 0xc0000000-0xfeffbfff] available for PCI devices
[    0.000000] Booting paravirtualized kernel on KVM
[    0.000000] clocksource: refined-jiffies: mask: 0xffffffff max_cycles: 0xffffffff, max_idle_ns: 7645519600211568 ns
[    0.000000] setup_percpu: NR_CPUS:8192 nr_cpumask_bits:4 nr_cpu_ids:4 nr_node_ids:1
[    0.000000] percpu: Embedded 46 pages/cpu @        (ptrval) s151552 r8192 d28672 u524288
[    0.000000] KVM setup async PF for cpu 0
[    0.000000] kvm-stealtime: cpu 0, msr 13fc24040
[    0.000000] Built 1 zonelists, mobility grouping on.  Total pages: 1032040
[    0.000000] Policy zone: Normal
[    0.000000] Kernel command line: BOOT_IMAGE=/boot/vmlinuz-4.15.0-20-generic root=UUID=8a5c65a8-9852-4c2a-9789-627cb736abe5 ro console=ttyS0
[    0.000000] Memory: 3984100K/4193780K available (12300K kernel code, 2470K rwdata, 4240K rodata, 2404K init, 2416K bss, 209680K reserved, 0K cma-reserved)
[    0.000000] SLUB: HWalign=64, Order=0-3, MinObjects=0, CPUs=4, Nodes=1
[    0.000000] Kernel/User page tables isolation: enabled
[    0.000000] ftrace: allocating 39065 entries in 153 pages
[    0.004000] Hierarchical RCU implementation.
[    0.004000] 	RCU restricting CPUs from NR_CPUS=8192 to nr_cpu_ids=4.
[    0.004000] 	Tasks RCU enabled.
[    0.004000] RCU: Adjusting geometry for rcu_fanout_leaf=16, nr_cpu_ids=4
[    0.004000] NR_IRQS: 524544, nr_irqs: 456, preallocated irqs: 16
[    0.004000] Console: colour VGA+ 80x25
[    0.004000] console [ttyS0] enabled
[    0.004000] ACPI: Core revision 20170831
[    0.004000] ACPI: 1 ACPI AML tables successfully acquired and loaded
[    0.004000] clocksource: hpet: mask: 0xffffffff max_cycles: 0xffffffff, max_idle_ns: 19112604467 ns
[    0.004021] APIC: Switch to symmetric I/O mode setup
[    0.004739] x2apic enabled
[    0.005240] Switched APIC routing to physical x2apic.
[    0.006875] ..TIMER: vector=0x30 apic1=0 pin1=2 apic2=-1 pin2=-1
[    0.007553] tsc: Detected 1608.014 MHz processor
[    0.008010] Calibrating delay loop (skipped) preset value.. 3216.02 BogoMIPS (lpj=6432056)
[    0.008914] pid_max: default: 32768 minimum: 301
[    0.009452] Security Framework initialized
[    0.009924] Yama: becoming mindful.
[    0.010455] AppArmor: AppArmor initialized
[    0.011608] Dentry cache hash table entries: 524288 (order: 10, 4194304 bytes)
[    0.012318] Inode-cache hash table entries: 262144 (order: 9, 2097152 bytes)
[    0.013272] Mount-cache hash table entries: 8192 (order: 4, 65536 bytes)
[    0.014049] Mountpoint-cache hash table entries: 8192 (order: 4, 65536 bytes)
[    0.015027] CPU: Physical Processor ID: 0
[    0.016015] mce: CPU supports 10 MCE banks
[    0.016501] Last level iTLB entries: 4KB 0, 2MB 0, 4MB 0
[    0.017177] Last level dTLB entries: 4KB 0, 2MB 0, 4MB 0, 1GB 0
[    0.017845] Spectre V2 : Mitigation: Full generic retpoline
[    0.018567] Freeing SMP alternatives memory: 36K
[    0.024000] smpboot: CPU0: Intel QEMU Virtual CPU version 2.5+ (family: 0x6, model: 0x6, stepping: 0x3)
[    0.024000] Performance Events: PMU not available due to virtualization, using software events only.
[    0.024000] Hierarchical SRCU implementation.
[    0.024000] NMI watchdog: Perf event create on CPU 0 failed with -2
[    0.024000] NMI watchdog: Perf NMI watchdog permanently disabled
[    0.024043] smp: Bringing up secondary CPUs ...
[    0.024785] x86: Booting SMP configuration:
[    0.025252] .... node  #0, CPUs:      #1
[    0.004000] kvm-clock: cpu 1, msr 1:3ff51041, secondary cpu clock
[    0.028028] KVM setup async PF for cpu 1
[    0.028603] kvm-stealtime: cpu 1, msr 13fca4040
[    0.032095]  #2
[    0.004000] kvm-clock: cpu 2, msr 1:3ff51081, secondary cpu clock
[    0.036023] KVM setup async PF for cpu 2
[    0.036512] kvm-stealtime: cpu 2, msr 13fd24040
[    0.037024]  #3
[    0.004000] kvm-clock: cpu 3, msr 1:3ff510c1, secondary cpu clock
[    0.040029] KVM setup async PF for cpu 3
[    0.040454] kvm-stealtime: cpu 3, msr 13fda4040
[    0.044003] smp: Brought up 1 node, 4 CPUs
[    0.044482] smpboot: Max logical packages: 4
[    0.044944] smpboot: Total of 4 processors activated (12864.11 BogoMIPS)
[    0.045994] devtmpfs: initialized
[    0.045994] x86/mm: Memory block size: 128MB
[    0.048028] evm: security.selinux
[    0.048429] evm: security.SMACK64
[    0.048860] evm: security.SMACK64EXEC
[    0.049267] evm: security.SMACK64TRANSMUTE
[    0.049736] evm: security.SMACK64MMAP
[    0.050190] evm: security.apparmor
[    0.050564] evm: security.ima
[    0.050905] evm: security.capability
[    0.051345] clocksource: jiffies: mask: 0xffffffff max_cycles: 0xffffffff, max_idle_ns: 7645041785100000 ns
[    0.052010] futex hash table entries: 1024 (order: 4, 65536 bytes)
[    0.052743] pinctrl core: initialized pinctrl subsystem
[    0.053419] RTC time: 17:49:50, date: 11/26/21
[    0.054087] NET: Registered protocol family 16
[    0.054644] audit: initializing netlink subsys (disabled)
[    0.055266] audit: type=2000 audit(1637948991.557:1): state=initialized audit_enabled=0 res=1
[    0.056003] cpuidle: using governor ladder
[    0.056457] cpuidle: using governor menu
[    0.056982] ACPI: bus type PCI registered
[    0.057484] acpiphp: ACPI Hot Plug PCI Controller Driver version: 0.5
[    0.058294] PCI: Using configuration type 1 for base access
[    0.060647] HugeTLB registered 2.00 MiB page size, pre-allocated 0 pages
[    0.060792] ACPI: Added _OSI(Module Device)
[    0.060792] ACPI: Added _OSI(Processor Device)
[    0.061059] ACPI: Added _OSI(3.0 _SCP Extensions)
[    0.061663] ACPI: Added _OSI(Processor Aggregator Device)
[    0.065561] ACPI: Interpreter enabled
[    0.066012] ACPI: (supports S0 S3 S4 S5)
[    0.066490] ACPI: Using IOAPIC for interrupt routing
[    0.067070] PCI: Using host bridge windows from ACPI; if necessary, use "pci=nocrs" and report a bug
[    0.068140] ACPI: Enabled 2 GPEs in block 00 to 0F
[    0.071466] ACPI: PCI Root Bridge [PCI0] (domain 0000 [bus 00-ff])
[    0.072006] acpi PNP0A03:00: _OSC: OS supports [ASPM ClockPM Segments MSI]
[    0.072738] acpi PNP0A03:00: _OSC failed (AE_NOT_FOUND); disabling ASPM
[    0.073465] acpi PNP0A03:00: fail to add MMCONFIG information, can't access extended PCI configuration space under this bridge.
[    0.074985] acpiphp: Slot [3] registered
[    0.075510] acpiphp: Slot [4] registered
[    0.076023] acpiphp: Slot [5] registered
[    0.076474] acpiphp: Slot [6] registered
[    0.076922] acpiphp: Slot [7] registered
[    0.077365] acpiphp: Slot [8] registered
[    0.077813] acpiphp: Slot [9] registered
[    0.078291] acpiphp: Slot [10] registered
[    0.078768] acpiphp: Slot [11] registered
[    0.079221] acpiphp: Slot [12] registered
[    0.079676] acpiphp: Slot [13] registered
[    0.080018] acpiphp: Slot [14] registered
[    0.080469] acpiphp: Slot [15] registered
[    0.080902] acpiphp: Slot [16] registered
[    0.081370] acpiphp: Slot [17] registered
[    0.081827] acpiphp: Slot [18] registered
[    0.082302] acpiphp: Slot [19] registered
[    0.082792] acpiphp: Slot [20] registered
[    0.083246] acpiphp: Slot [21] registered
[    0.084019] acpiphp: Slot [22] registered
[    0.084481] acpiphp: Slot [23] registered
[    0.084935] acpiphp: Slot [24] registered
[    0.085388] acpiphp: Slot [25] registered
[    0.085859] acpiphp: Slot [26] registered
[    0.086320] acpiphp: Slot [27] registered
[    0.086783] acpiphp: Slot [28] registered
[    0.087231] acpiphp: Slot [29] registered
[    0.087679] acpiphp: Slot [30] registered
[    0.088021] acpiphp: Slot [31] registered
[    0.088475] PCI host bridge to bus 0000:00
[    0.088923] pci_bus 0000:00: root bus resource [io  0x0000-0x0cf7 window]
[    0.089671] pci_bus 0000:00: root bus resource [io  0x0d00-0xffff window]
[    0.090535] pci_bus 0000:00: root bus resource [mem 0x000a0000-0x000bffff window]
[    0.091337] pci_bus 0000:00: root bus resource [mem 0xc0000000-0xfebfffff window]
[    0.092003] pci_bus 0000:00: root bus resource [mem 0x140000000-0x1bfffffff window]
[    0.092827] pci_bus 0000:00: root bus resource [bus 00-ff]
[    0.099346] pci 0000:00:01.1: legacy IDE quirk: reg 0x10: [io  0x01f0-0x01f7]
[    0.100004] pci 0000:00:01.1: legacy IDE quirk: reg 0x14: [io  0x03f6]
[    0.100702] pci 0000:00:01.1: legacy IDE quirk: reg 0x18: [io  0x0170-0x0177]
[    0.101470] pci 0000:00:01.1: legacy IDE quirk: reg 0x1c: [io  0x0376]
[    0.102731] pci 0000:00:01.3: quirk: [io  0x0600-0x063f] claimed by PIIX4 ACPI
[    0.103607] pci 0000:00:01.3: quirk: [io  0x0700-0x070f] claimed by PIIX4 SMB
[    0.137784] ACPI: PCI Interrupt Link [LNKA] (IRQs 5 *10 11)
[    0.138563] ACPI: PCI Interrupt Link [LNKB] (IRQs 5 *10 11)
[    0.139715] ACPI: PCI Interrupt Link [LNKC] (IRQs 5 10 *11)
[    0.140101] ACPI: PCI Interrupt Link [LNKD] (IRQs 5 10 *11)
[    0.140754] ACPI: PCI Interrupt Link [LNKS] (IRQs *9)
[    0.141874] SCSI subsystem initialized
[    0.142396] pci 0000:00:02.0: vgaarb: setting as boot VGA device
[    0.142396] pci 0000:00:02.0: vgaarb: VGA device added: decodes=io+mem,owns=io+mem,locks=none
[    0.144005] pci 0000:00:02.0: vgaarb: bridge control possible
[    0.144622] vgaarb: loaded
[    0.144941] ACPI: bus type USB registered
[    0.145398] usbcore: registered new interface driver usbfs
[    0.146019] usbcore: registered new interface driver hub
[    0.146626] usbcore: registered new device driver usb
[    0.147233] EDAC MC: Ver: 3.0.0
[    0.148119] PCI: Using ACPI for IRQ routing
[    0.148724] NetLabel: Initializing
[    0.149100] NetLabel:  domain hash size = 128
[    0.149692] NetLabel:  protocols = UNLABELED CIPSOv4 CALIPSO
[    0.150454] NetLabel:  unlabeled traffic allowed by default
[    0.151091] HPET: 3 timers in total, 0 timers will be used for per-cpu timer
[    0.152029] hpet0: at MMIO 0xfed00000, IRQs 2, 8, 0
[    0.152564] hpet0: 3 comparators, 64-bit 100.000000 MHz counter
[    0.157057] clocksource: Switched to clocksource kvm-clock
[    0.165092] VFS: Disk quotas dquot_6.6.0
[    0.165634] VFS: Dquot-cache hash table entries: 512 (order 0, 4096 bytes)
[    0.166468] AppArmor: AppArmor Filesystem Enabled
[    0.167021] pnp: PnP ACPI init
[    0.167973] pnp: PnP ACPI: found 6 devices
[    0.174778] clocksource: acpi_pm: mask: 0xffffff max_cycles: 0xffffff, max_idle_ns: 2085701024 ns
[    0.175797] NET: Registered protocol family 2
[    0.176663] TCP established hash table entries: 32768 (order: 6, 262144 bytes)
[    0.177509] TCP bind hash table entries: 32768 (order: 7, 524288 bytes)
[    0.178283] TCP: Hash tables configured (established 32768 bind 32768)
[    0.179028] UDP hash table entries: 2048 (order: 4, 65536 bytes)
[    0.179685] UDP-Lite hash table entries: 2048 (order: 4, 65536 bytes)
[    0.180457] NET: Registered protocol family 1
[    0.180968] pci 0000:00:00.0: Limiting direct PCI/PCI transfers
[    0.181671] pci 0000:00:01.0: PIIX3: Enabling Passive Release
[    0.182342] pci 0000:00:01.0: Activating ISA DMA hang workarounds
[    0.183052] pci 0000:00:02.0: Video device with shadowed ROM at [mem 0x000c0000-0x000dffff]
[    0.184062] Unpacking initramfs...
[    0.784992] Freeing initrd memory: 48668K
[    0.785603] PCI-DMA: Using software bounce buffering for IO (SWIOTLB)
[    0.786309] software IO TLB [mem 0xbbfdf000-0xbffdf000] (64MB) mapped at [000000007244b9f7-0000000092ba5ca1]
[    0.787456] Scanning for low memory corruption every 60 seconds
[    0.788596] Initialise system trusted keyrings
[    0.789118] Key type blacklist registered
[    0.789612] workingset: timestamp_bits=36 max_order=20 bucket_order=0
[    0.791080] zbud: loaded
[    0.791766] squashfs: version 4.0 (2009/01/31) Phillip Lougher
[    0.792539] fuse init (API version 7.26)
[    0.794485] Key type asymmetric registered
[    0.794966] Asymmetric key parser 'x509' registered
[    0.795527] Block layer SCSI generic (bsg) driver version 0.4 loaded (major 246)
[    0.796430] io scheduler noop registered
[    0.796898] io scheduler deadline registered
[    0.797408] io scheduler cfq registered (default)
[    0.798174] input: Power Button as /devices/LNXSYSTM:00/LNXPWRBN:00/input/input0
[    0.799006] ACPI: Power Button [PWRF]
[    0.823673] ACPI: PCI Interrupt Link [LNKD] enabled at IRQ 11
[    0.825363] Serial: 8250/16550 driver, 32 ports, IRQ sharing enabled
[    0.849480] 00:05: ttyS0 at I/O 0x3f8 (irq = 4, base_baud = 115200) is a 16550A
[    0.882066] Linux agpgart interface v0.103
[    0.883812] loop: module loaded
[    0.885153] scsi host0: ata_piix
[    0.885629] scsi host1: ata_piix
[    0.886015] ata1: PATA max MWDMA2 cmd 0x1f0 ctl 0x3f6 bmdma 0xc080 irq 14
[    0.886764] ata2: PATA max MWDMA2 cmd 0x170 ctl 0x376 bmdma 0xc088 irq 15
[    0.887593] libphy: Fixed MDIO Bus: probed
[    0.888189] tun: Universal TUN/TAP device driver, 1.6
[    0.888812] PPP generic driver version 2.4.2
[    0.889338] ehci_hcd: USB 2.0 'Enhanced' Host Controller (EHCI) Driver
[    0.890059] ehci-pci: EHCI PCI platform driver
[    0.890559] ehci-platform: EHCI generic platform driver
[    0.891128] ohci_hcd: USB 1.1 'Open' Host Controller (OHCI) Driver
[    0.891801] ohci-pci: OHCI PCI platform driver
[    0.892381] ohci-platform: OHCI generic platform driver
[    0.893019] uhci_hcd: USB Universal Host Controller Interface driver
[    0.893760] i8042: PNP: PS/2 Controller [PNP0303:KBD,PNP0f13:MOU] at 0x60,0x64 irq 1,12
[    0.895415] serio: i8042 KBD port at 0x60,0x64 irq 1
[    0.895961] serio: i8042 AUX port at 0x60,0x64 irq 12
[    0.896658] mousedev: PS/2 mouse device common for all mice
[    0.897500] rtc_cmos 00:00: RTC can wake from S4
[    0.898287] input: AT Translated Set 2 keyboard as /devices/platform/i8042/serio0/input/input1
[    0.899306] rtc_cmos 00:00: rtc core: registered rtc_cmos as rtc0
[    0.900261] rtc_cmos 00:00: alarms up to one day, y3k, 114 bytes nvram, hpet irqs
[    0.901107] i2c /dev entries driver
[    0.901543] device-mapper: uevent: version 1.0.3
[    0.902151] device-mapper: ioctl: 4.37.0-ioctl (2017-09-20) initialised: dm-devel@redhat.com
[    0.903149] ledtrig-cpu: registered to indicate activity on CPUs
[    0.904121] NET: Registered protocol family 10
[    0.907733] Segment Routing with IPv6
[    0.908223] NET: Registered protocol family 17
[    0.908767] Key type dns_resolver registered
[    0.909610] RAS: Correctable Errors collector initialized.
[    0.910229] sched_clock: Marking stable (909583010, 0)->(1212521369, -302938359)
[    0.911374] registered taskstats version 1
[    0.912029] Loading compiled-in X.509 certificates
[    0.914489] Loaded X.509 cert 'Build time autogenerated kernel key: f4ad6a5babf67650e4ceb385fa5dda8e4a178208'
[    0.915681] zswap: loaded using pool lzo/zbud
[    0.919478] Key type big_key registered
[    0.919952] Key type trusted registered
[    0.921601] Key type encrypted registered
[    0.922061] AppArmor: AppArmor sha1 policy hashing enabled
[    0.922696] ima: No TPM chip found, activating TPM-bypass! (rc=-19)
[    0.923399] evm: HMAC attrs: 0x1
[    0.923907]   Magic number: 13:576:846
[    0.924514] rtc_cmos 00:00: setting system clock to 2021-11-26 17:49:51 UTC (1637948991)
[    0.925536] BIOS EDD facility v0.16 2004-Jun-25, 0 devices found
[    0.926194] EDD information not available.
[    1.044652] ata1.00: ATA-7: QEMU HARDDISK, 2.5+, max UDMA/100
[    1.045518] ata1.00: 104857600 sectors, multi 16: LBA48 
[    1.046703] ata1.00: configured for MWDMA2
[    1.047482] scsi 0:0:0:0: Direct-Access     ATA      QEMU HARDDISK    2.5+ PQ: 0 ANSI: 5
[    1.049122] ata2.00: ATAPI: QEMU DVD-ROM, 2.5+, max UDMA/100
[    1.049311] sd 0:0:0:0: [sda] 104857600 512-byte logical blocks: (53.7 GB/50.0 GiB)
[    1.049321] sd 0:0:0:0: [sda] Write Protect is off
[    1.049337] sd 0:0:0:0: [sda] Write cache: enabled, read cache: enabled, doesn't support DPO or FUA
[    1.052483] sd 0:0:0:0: Attached scsi generic sg0 type 0
[    1.053130] ata2.00: configured for MWDMA2
[    1.054532] scsi 1:0:0:0: CD-ROM            QEMU     QEMU DVD-ROM     2.5+ PQ: 0 ANSI: 5
[    1.058806]  sda: sda1
[    1.059473] sd 0:0:0:0: [sda] Attached SCSI disk
[    1.092616] sr 1:0:0:0: [sr0] scsi3-mmc drive: 4x/4x cd/rw xa/form2 tray
[    1.093832] cdrom: Uniform CD-ROM driver Revision: 3.20
[    1.095210] sr 1:0:0:0: Attached scsi generic sg1 type 5
[    1.099304] Freeing unused kernel memory: 2404K
[    1.100041] Write protecting the kernel read-only data: 20480k
[    1.102224] Freeing unused kernel memory: 2008K
[    1.106289] Freeing unused kernel memory: 1904K
[    1.112809] x86/mm: Checked W+X mappings: passed, no W+X pages found.
[    1.113543] x86/mm: Checking user space page tables
[    1.120464] x86/mm: Checked W+X mappings: passed, no W+X pages found.
Loading, please wait...
starting version 237
[    1.184316] e1000: Intel(R) PRO/1000 Network Driver - version 7.3.21-k8-NAPI
[    1.185171] e1000: Copyright (c) 1999-2006 Intel Corporation.
[    1.187222] input: VirtualPS/2 VMware VMMouse as /devices/platform/i8042/serio1/input/input4
[    1.189198] input: VirtualPS/2 VMware VMMouse as /devices/platform/i8042/serio1/input/input3
[    1.196363] Floppy drive(s): fd0 is 2.88M AMI BIOS
[    1.216401] FDC 0 is a S82078B
[    1.225116] ACPI: PCI Interrupt Link [LNKC] enabled at IRQ 10
[    1.563827] e1000 0000:00:03.0 eth0: (PCI:33MHz:32-bit) 52:54:00:12:34:56
[    1.564681] e1000 0000:00:03.0 eth0: Intel(R) PRO/1000 Network Connection
[    1.565559] piix4_smbus 0000:00:01.3: SMBus Host Controller at 0x700, revision 0
[    1.567627] e1000 0000:00:03.0 ens3: renamed from eth0
Begin: Loading essential drivers ... done.
Begin: Running /scripts/init-premount ... done.
Begin: Mounting root file system ... Begin: Running /scripts/local-top ... done.
Begin: Running /scripts/local-premount ... done.
Begin: Will now check root file system ... fsck from util-linux 2.31.1
[/sbin/fsck.ext4 (1) -- /dev/sda1] fsck.ext4 -a -C0 /dev/sda1 
/dev/sda1: recovering journal
/dev/sda1: clean, 74086/3276800 files, 1466207/13106656 blocks
done.
[    1.668495] EXT4-fs (sda1): mounted filesystem with ordered data mode. Opts: (null)
done.
Begin: Running /scripts/local-bottom ... done.
Begin: Running /scripts/init-bottom ... done.
[    1.788180] tsc: Refined TSC clocksource calibration: 1607.995 MHz
[    1.789155] clocksource: tsc: mask: 0xffffffffffffffff max_cycles: 0x172da5a2e4c, max_idle_ns: 440795256865 ns
[    1.794564] ip_tables: (C) 2000-2006 Netfilter Core Team
[    1.800376] systemd[1]: systemd 237 running in system mode. (+PAM +AUDIT +SELINUX +IMA +APPARMOR +SMACK +SYSVINIT +UTMP +LIBCRYPTSETUP +GCRYPT +GNUTLS +ACL +XZ +LZ4 +SECCOMP +BLKID +ELFUTILS +KMOD -IDN2 +IDN -PCRE2 default-hierarchy=hybrid)
[    1.802912] systemd[1]: Detected virtualization kvm.
[    1.803469] systemd[1]: Detected architecture x86-64.

Welcome to [1mUbuntu 18.04 LTS[0m!

[    1.808189] systemd[1]: Set hostname to <box>.
[    1.937874] systemd[1]: Started Forward Password Requests to Wall Directory Watch.
[[0;32m  OK  [0m] Started Forward Password Requests to Wall Directory Watch.
[    1.940089] systemd[1]: Created slice User and Session Slice.
[[0;32m  OK  [0m] Created slice User and Session Slice.
[    1.941690] systemd[1]: Set up automount Arbitrary Executable File Formats File System Automount Point.
[[0;32m  OK  [0m] Set up automount Arbitrary Executabâ€¦rmats File System Automount Point.
[    1.943609] systemd[1]: Reached target User and Group Name Lookups.
[[0;32m  OK  [0m] Reached target User and Group Name Lookups.
[    1.944999] systemd[1]: Reached target Remote File Systems.
[[0;32m  OK  [0m] Reached target Remote File Systems.
[    1.946277] systemd[1]: Created slice System Slice.
[[0;32m  OK  [0m] Created slice System Slice.
[[0;32m  OK  [0m] Listening on /dev/initctl Compatibility Named Pipe.
[[0;32m  OK  [0m] Created slice system-serial\x2dgetty.slice.
[[0;32m  OK  [0m] Listening on Journal Socket (/dev/log).
[[0;32m  OK  [0m] Listening on udev Control Socket.
[[0;32m  OK  [0m] Listening on udev Kernel Socket.
[[0;32m  OK  [0m] Reached target Slices.
[[0;32m  OK  [0m] Listening on Journal Audit Socket.
[[0;32m  OK  [0m] Listening on Syslog Socket.
[[0;32m  OK  [0m] Listening on Journal Socket.
         Mounting POSIX Message Queue File System...
         Starting udev Coldplug all Devices...
         Starting Set the console keyboard layout...
         Mounting Kernel Debug File System...
         Starting Journal Service...
         Starting Load Kernel Modules...
         Mounting Huge Pages File System...
         Starting Create list of required stâ€¦ce nodes for the current kernel...
         Starting Uncomplicated firewall...
[[0;32m  OK  [0m] Listening on fsck to fsckd communication Socket.
         Starting Remount Root and Kernel File Systems...
[[0;32m  OK  [0m] Mounted POSIX Message Queue File System.
[[0;32m  OK  [0m] Mounted Kernel Debug File System.
[[0;32m  OK  [0m] Mounted Huge Pages File System.
[[0;32m  OK  [0m] Started Load Kernel Modules.
[    2.005241] EXT4-fs (sda1): re-mounted. Opts: errors=remount-ro
         Mounting Kernel Configuration File System...
         Mounting FUSE Control File System...
         Starting Apply Kernel Variables...
[[0;32m  OK  [0m] Started Journal Service.
[[0;32m  OK  [0m] Started Create list of required staâ€¦vice nodes for the current kernel.
[[0;32m  OK  [0m] Started Remount Root and Kernel File Systems.
[[0;32m  OK  [0m] Started Uncomplicated firewall.
[[0;32m  OK  [0m] Started udev Coldplug all Devices.
[[0;32m  OK  [0m] Mounted Kernel Configuration File System.
[[0;32m  OK  [0m] Mounted FUSE Control File System.
         Starting Load/Save Random Seed...
         Activating swap /swapfile...
         Starting Create Static Device Nodes in /dev...
         Starting Flush Journal to Persistent Storage...
[[0;32m  OK  [0m] Started Load/Save Random Seed.
[    2.046060] Adding 288480k swap on /swapfile.  Priority:-2 extents:2 across:296672k FS
[[0;32m  OK  [0m] Activated swap /swapfile.
[[0;32m  OK  [0m] Reached target Swap.
[    2.052726] systemd-journald[246]: Received request to flush runtime journal from PID 1
[[0;32m  OK  [0m] Started Create Static Device Nodes in /dev.
         Starting udev Kernel Device Manager...
[[0;32m  OK  [0m] Started Set the console keyboard layout.
[[0;32m  OK  [0m] Reached target Local File Systems (Pre).
[[0;32m  OK  [0m] Reached target Local File Systems.
         Starting Set console font and keymap...
         Starting Tell Plymouth To Write Out Runtime Data...
         Starting AppArmor initialization...
[[0;32m  OK  [0m] Started Apply Kernel Variables.
[[0;32m  OK  [0m] Started Flush Journal to Persistent Storage.
         Starting Create Volatile Files and Directories...
[[0;32m  OK  [0m] Started udev Kernel Device Manager.
         Starting Network Service...
[[0;32m  OK  [0m] Started Dispatch Password Requests to Console Directory Watch.
[[0;32m  OK  [0m] Reached target Local Encrypted Volumes.
[[0;32m  OK  [0m] Reached target Paths.
[[0;32m  OK  [0m] Started Tell Plymouth To Write Out Runtime Data.
[[0;32m  OK  [0m] Started Create Volatile Files and Directories.
         Starting Update UTMP about System Boot/Shutdown...
         Starting Network Time Synchronization...
[[0;32m  OK  [0m] Started Update UTMP about System Boot/Shutdown.
[[0;32m  OK  [0m] Found device /dev/ttyS0.
[[0;32m  OK  [0m] Started Network Service.
         Starting Network Name Resolution...
[[0;32m  OK  [0m] Started Network Time Synchronization.
[[0;32m  OK  [0m] Started Set console font and keymap.
[[0;32m  OK  [0m] Reached target System Time Synchronized.
[[0;32m  OK  [0m] Listening on Load/Save RF Kill Switch Status /dev/rfkill Watch.
[[0;32m  OK  [0m] Started Network Name Resolution.
[[0;32m  OK  [0m] Reached target Network.
[[0;32m  OK  [0m] Reached target Host and Network Name Lookups.
[[0;32m  OK  [0m] Started AppArmor initialization.
[[0;32m  OK  [0m] Reached target System Initialization.
[[0;32m  OK  [0m] Listening on D-Bus System Message Bus Socket.
[[0;32m  OK  [0m] Started Daily Cleanup of Temporary Directories.
[[0;32m  OK  [0m] Started Message of the Day.
[[0;32m  OK  [0m] Started Discard unused blocks once a week.
[[0;32m  OK  [0m] Listening on UUID daemon activation socket.
[[0;32m  OK  [0m] Reached target Sockets.
[[0;32m  OK  [0m] Reached target Basic System.
         Starting Accounts Service...
         Starting Login Service...
         Starting Permit User Sessions...
[[0;32m  OK  [0m] Started D-Bus System Message Bus.
         Starting System Logging Service...
[[0;32m  OK  [0m] Started Regular background program processing daemon.
         Starting LSB: QEMU Guest Agent startup script...
         Starting LSB: Record successful boot for GRUB...
[[0;32m  OK  [0m] Started irqbalance daemon.
         Starting OpenBSD Secure Shell server...
         Starting /etc/rc.local Compatibility...
         Starting Dispatcher daemon for systemd-networkd...
[[0;32m  OK  [0m] Started Daily apt download activities.
[[0;32m  OK  [0m] Started Daily apt upgrade and clean activities.
[[0;32m  OK  [0m] Reached target Timers.
[[0;32m  OK  [0m] Started Permit User Sessions.
[[0;32m  OK  [0m] Started Login Service.
         Starting Daily apt download activities...
[[0;32m  OK  [0m] Started LSB: QEMU Guest Agent startup script.
[[0;32m  OK  [0m] Started LSB: Record successful boot for GRUB.
[[0;32m  OK  [0m] Started Accounts Service.
[[0;32m  OK  [0m] Started System Logging Service.
[[0;32m  OK  [0m] Started OpenBSD Secure Shell server.
[[0;32m  OK  [0m] Started Dispatcher daemon for systemd-networkd.
[[0;32m  OK  [0m] Started Daily apt download activities.
         Starting Daily apt upgrade and clean activities...
         Stopping Network Name Resolution...
[[0;32m  OK  [0m] Stopped Network Name Resolution.
         Starting Network Name Resolution...
[[0;32m  OK  [0m] Started Network Name Resolution.
[[0;32m  OK  [0m] Started /etc/rc.local Compatibility.
         Starting Hold until boot process finishes up...
         Starting Terminate Plymouth Boot Screen...
[[0;32m  OK  [0m] Started Hold until boot process finishes up.
[[0;32m  OK  [0m] Started Serial Getty on ttyS0.
         Starting Set console scheme...
[[0;32m  OK  [0m] Started Set console scheme.
[[0;32m  OK  [0m] Created slice system-getty.slice.
[[0;32m  OK  [0m] Started Getty on tty1.
[[0;32m  OK  [0m] Reached target Login Prompts.
[[0;32m  OK  [0m] Started Terminate Plymouth Boot Screen.
[[0;32m  OK  [0m] Reached target Multi-User System.
[[0;32m  OK  [0m] Reached target Graphical Interface.
         Starting Update UTMP about System Runlevel Changes...
[[0;32m  OK  [0m] Started Update UTMP about System Runlevel Changes.
[[0;32m  OK  [0m] Started Daily apt upgrade and clean activities.

Ubuntu 18.04 LTS box ttyS0

box login: time spend to gain ssh service: 29
[   29.048187] ata1.00: exception Emask 0x0 SAct 0x0 SErr 0x0 action 0x0
[   29.048982] ata1.00: BMDMA stat 0x4
[   29.049382] ata1.00: failed command: READ DMA
[   29.049881] ata1.00: cmd c8/00:08:b0:ac:01/00:00:00:00:00/e0 tag 0 dma 4096 in
[   29.049881]          res 41/04:08:b0:ac:01/00:00:00:00:00/e0 Emask 0x1 (device error)
[   29.051742] ata1.00: status: { DRDY ERR }
[   29.052229] ata1.00: error: { ABRT }
[   29.068145] ata1.00: exception Emask 0x0 SAct 0x0 SErr 0x0 action 0x0
[   29.069328] ata1.00: BMDMA stat 0x4
[   29.069985] ata1.00: failed command: READ DMA
[   29.070801] ata1.00: cmd c8/00:08:b0:ac:01/00:00:00:00:00/e0 tag 0 dma 4096 in
[   29.070801]          res 41/04:08:b0:ac:01/00:00:00:00:00/e0 Emask 0x1 (device error)
[   29.073578] ata1.00: status: { DRDY ERR }
[   29.074254] ata1.00: error: { ABRT }
[   29.088114] ata1.00: exception Emask 0x0 SAct 0x0 SErr 0x0 action 0x0
[   29.088975] ata1.00: BMDMA stat 0x4
[   29.089454] ata1.00: failed command: READ DMA
[   29.090012] ata1.00: cmd c8/00:08:b0:ac:01/00:00:00:00:00/e0 tag 0 dma 4096 in
[   29.090012]          res 41/04:08:b0:ac:01/00:00:00:00:00/e0 Emask 0x1 (device error)
[   29.091822] ata1.00: status: { DRDY ERR }
[   29.092314] ata1.00: error: { ABRT }
[   29.116131] ata1.00: exception Emask 0x0 SAct 0x0 SErr 0x0 action 0x0
[   29.116912] ata1.00: BMDMA stat 0x4
[   29.117365] ata1.00: failed command: READ DMA
[   29.117930] ata1.00: cmd c8/00:08:b0:ac:01/00:00:00:00:00/e0 tag 0 dma 4096 in
[   29.117930]          res 41/04:08:b0:ac:01/00:00:00:00:00/e0 Emask 0x1 (device error)
[   29.120211] ata1.00: status: { DRDY ERR }
[   29.120721] ata1.00: error: { ABRT }
[   29.136086] ata1.00: exception Emask 0x0 SAct 0x0 SErr 0x0 action 0x0
[   29.136887] ata1.00: BMDMA stat 0x4
[   29.137295] ata1.00: failed command: READ DMA
[   29.137811] ata1.00: cmd c8/00:08:b0:ac:01/00:00:00:00:00/e0 tag 0 dma 4096 in
[   29.137811]          res 41/04:08:b0:ac:01/00:00:00:00:00/e0 Emask 0x1 (device error)
[   29.139575] ata1.00: status: { DRDY ERR }
[   29.140085] ata1.00: error: { ABRT }
[   29.168088] ata1.00: exception Emask 0x0 SAct 0x0 SErr 0x0 action 0x0
[   29.168894] ata1.00: BMDMA stat 0x4
[   29.169330] ata1.00: failed command: READ DMA
[   29.169913] ata1.00: cmd c8/00:08:b0:ac:01/00:00:00:00:00/e0 tag 0 dma 4096 in
[   29.169913]          res 41/04:08:b0:ac:01/00:00:00:00:00/e0 Emask 0x1 (device error)
[   29.171726] ata1.00: status: { DRDY ERR }
[   29.172577] ata1.00: error: { ABRT }
[   29.173752] print_req_error: I/O error, dev sda, sector 109744
[[0;32m  OK  [0m] Closed Load/Save RF Kill Switch Status /dev/rfkill Watch.
[[0;32m  OK  [0m] Stopped target Graphical Interface.
         Stopping Session 5 of user root.
[[0;32m  OK  [0m] Stopped target Host and Network Name Lookups.
[[0;32m  OK  [0m] Stopped target Multi-User System.
         Stopping Dispatcher daemon for systemd-networkd...
         Stopping System Logging Service...
         Stopping irqbalance daemon...
[[0;32m  OK  [0m] Stopped target Login Prompts.
         Stopping LSB: Record successful boot for GRUB...
         Stopping LSB: QEMU Guest Agent startup script...
         Stopping OpenBSD Secure Shell server...
               Stopping Serial Getty on ttyS0...
[[0;32m  OK  [0m] Stopped Getty on tty1.
[[0;32m  OK  [0m] Stopped Serial Getty on ttyS0.
[[0;32m  OK  [0m] Stopped Session 5 of user root.
[[0;32m  OK  [0m] Stopped User Manager for UID 0.
[[0;32m  OK  [0m] Removed slice User Slice of root.
         Stopping Login Service...
[[0;32m  OK  [0m] Removed slice system-serial\x2dgetty.slice.
         Stopping Permit User Sessions...
[[0;32m  OK  [0m] Removed slice system-getty.slice.
         Stopping /etc/rc.local Compatibility...
[[0;32m  OK  [0m] Stopped LSB: Record successful boot for GRUB.
[[0;32m  OK  [0m] Stopped D-Bus System Message Bus.
[[0;32m  OK  [0m] Stopped Permit User Sessions.
[[0;32m  OK  [0m] Stopped LSB: QEMU Guest Agent startup script.
[[0;32m  OK  [0m] Stopped target Remote File Systems.
[[0;32m  OK  [0m] Stopped /etc/rc.local Compatibility.
[[0;32m  OK  [0m] Stopped target Network.
         Stopping Network Name Resolution...
[[0;32m  OK  [0m] Stopped Network Name Resolution.
         Stopping Network Service...
[[0;32m  OK  [0m] Stopped Network Service.
[[0;32m  OK  [0m] Stopped Login Service.
[[0;32m  OK  [0m] Stopped target Basic System.
[[0;32m  OK  [0m] Stopped target Slices.
[[0;32m  OK  [0m] Stopped target Paths.
[[0;32m  OK  [0m] Stopped target Sockets.
[[0;32m  OK  [0m] Closed UUID daemon activation socket.
[[0;32m  OK  [0m] Closed Syslog Socket.
[[0;32m  OK  [0m] Closed D-Bus System Message Bus Socket.
[[0;32m  OK  [0m] Stopped target User and Group Name Lookups.
[[0;32m  OK  [0m] Stopped target System Initialization.
[[0;32m  OK  [0m] Stopped target Local Encrypted Volumes.
[[0;32m  OK  [0m] Stopped Forward Password Requests to Wall Directory Watch.
[[0;32m  OK  [0m] Stopped Dispatch Password Requests to Console Directory Watch.
         Stopping Load/Save Random Seed...
         Stopping Network Time Synchronization...
[[0;32m  OK  [0m] Stopped Apply Kernel Variables.
         Stopping Update UTMP about System Boot/Shutdown...
[[0;32m  OK  [0m] Stopped Load Kernel Modules.
[[0;32m  OK  [0m] Removed slice User and Session Slice.
[[0;32m  OK  [0m] Stopped Load/Save Random Seed.
[[0;32m  OK  [0m] Stopped Update UTMP about System Boot/Shutdown.
[[0;32m  OK  [0m] Stopped Network Time Synchronization.
[[0;32m  OK  [0m] Stopped Create Volatile Files and Directories.
[[0;32m  OK  [0m] Stopped target Local File Systems.
         Unmounting /run/user/0...
[[0;32m  OK  [0m] Unmounted /run/user/0.
[[0;32m  OK  [0m] Stopped target Local File Systems (Pre).
[[0;32m  OK  [0m] Stopped Create Static Device Nodes in /dev.
[[0;32m  OK  [0m] Stopped target Swap.
         Deactivating swap /swapfile...
[[0;32m  OK  [0m] Deactivated swap /swapfile.
[[0;32m  OK  [0m] Reached target Unmount All Filesystems.
[[0;32m  OK  [0m] Stopped Remount Root and Kernel File Systems.
[[0;32m  OK  [0m] Reached target Shutdown.
[[0;32m  OK  [0m] Reached target Final Step.
         Starting Power-Off...
[   29.987545] reboot: Power down
